Component: ARM Compiler 5.06 update 6 (build 750) Tool: armlink [4d35ed]

==============================================================================

Section Cross References

    startup_stm32f411xe.o(STACK) refers (Special) to heapauxi.o(.text) for __use_two_region_memory
    startup_stm32f411xe.o(HEAP) refers (Special) to heapauxi.o(.text) for __use_two_region_memory
    startup_stm32f411xe.o(RESET) refers (Special) to heapauxi.o(.text) for __use_two_region_memory
    startup_stm32f411xe.o(RESET) refers to startup_stm32f411xe.o(STACK) for __initial_sp
    startup_stm32f411xe.o(RESET) refers to startup_stm32f411xe.o(.text) for Reset_Handler
    startup_stm32f411xe.o(RESET) refers to stm32f4xx_it.o(i.NMI_Handler) for NMI_Handler
    startup_stm32f411xe.o(RESET) refers to stm32f4xx_it.o(i.HardFault_Handler) for HardFault_Handler
    startup_stm32f411xe.o(RESET) refers to stm32f4xx_it.o(i.MemManage_Handler) for MemManage_Handler
    startup_stm32f411xe.o(RESET) refers to stm32f4xx_it.o(i.BusFault_Handler) for BusFault_Handler
    startup_stm32f411xe.o(RESET) refers to stm32f4xx_it.o(i.UsageFault_Handler) for UsageFault_Handler
    startup_stm32f411xe.o(RESET) refers to stm32f4xx_it.o(i.SVC_Handler) for SVC_Handler
    startup_stm32f411xe.o(RESET) refers to stm32f4xx_it.o(i.DebugMon_Handler) for DebugMon_Handler
    startup_stm32f411xe.o(RESET) refers to stm32f4xx_it.o(i.PendSV_Handler) for PendSV_Handler
    startup_stm32f411xe.o(RESET) refers to stm32f4xx_it.o(i.SysTick_Handler) for SysTick_Handler
    startup_stm32f411xe.o(.text) refers (Special) to heapauxi.o(.text) for __use_two_region_memory
    startup_stm32f411xe.o(.text) refers to system_stm32f4xx.o(i.SystemInit) for SystemInit
    startup_stm32f411xe.o(.text) refers to __main.o(!!!main) for __main
    startup_stm32f411xe.o(.text) refers to startup_stm32f411xe.o(HEAP) for Heap_Mem
    startup_stm32f411xe.o(.text) refers to startup_stm32f411xe.o(STACK) for Stack_Mem
    main.o(i.MX_GPIO_Init) refers to rt_memclr_w.o(.text) for __aeabi_memclr4
    main.o(i.MX_GPIO_Init) refers to stm32f4xx_hal_gpio.o(i.HAL_GPIO_Init) for HAL_GPIO_Init
    main.o(i.SystemClock_Config) refers to rt_memclr_w.o(.text) for __aeabi_memclr4
    main.o(i.SystemClock_Config) refers to stm32f4xx_hal_rcc.o(i.HAL_RCC_OscConfig) for HAL_RCC_OscConfig
    main.o(i.SystemClock_Config) refers to stm32f4xx_hal_rcc.o(i.HAL_RCC_ClockConfig) for HAL_RCC_ClockConfig
    main.o(i.main) refers to stm32f4xx_hal.o(i.HAL_Init) for HAL_Init
    main.o(i.main) refers to main.o(i.SystemClock_Config) for SystemClock_Config
    main.o(i.main) refers to main.o(i.MX_GPIO_Init) for MX_GPIO_Init
    main.o(i.main) refers to stm32f4xx_hal_i2c.o(i.HAL_I2C_Init) for HAL_I2C_Init
    main.o(i.main) refers to clock_handle.o(i.clock_init) for clock_init
    main.o(i.main) refers to button_callback.o(i.button_callback_init) for button_callback_init
    main.o(i.main) refers to button_callback.o(i.button_callback_handle) for button_callback_handle
    main.o(i.main) refers to clock_handle.o(i.clock_handle) for clock_handle
    main.o(i.main) refers to main.o(.bss) for .bss
    stm32f4xx_it.o(i.SysTick_Handler) refers to stm32f4xx_hal.o(i.HAL_IncTick) for HAL_IncTick
    stm32f4xx_hal_msp.o(i.HAL_I2C_MspDeInit) refers to stm32f4xx_hal_gpio.o(i.HAL_GPIO_DeInit) for HAL_GPIO_DeInit
    stm32f4xx_hal_msp.o(i.HAL_I2C_MspInit) refers to rt_memclr_w.o(.text) for __aeabi_memclr4
    stm32f4xx_hal_msp.o(i.HAL_I2C_MspInit) refers to stm32f4xx_hal_gpio.o(i.HAL_GPIO_Init) for HAL_GPIO_Init
    stm32f4xx_hal_i2c.o(i.HAL_I2C_DeInit) refers to stm32f4xx_hal_msp.o(i.HAL_I2C_MspDeInit) for HAL_I2C_MspDeInit
    stm32f4xx_hal_i2c.o(i.HAL_I2C_ER_IRQHandler) refers to stm32f4xx_hal_i2c.o(i.I2C_Slave_AF) for I2C_Slave_AF
    stm32f4xx_hal_i2c.o(i.HAL_I2C_ER_IRQHandler) refers to stm32f4xx_hal_i2c.o(i.I2C_ITError) for I2C_ITError
    stm32f4xx_hal_i2c.o(i.HAL_I2C_EV_IRQHandler) refers to stm32f4xx_hal_i2c.o(i.I2C_Slave_ADDR) for I2C_Slave_ADDR
    stm32f4xx_hal_i2c.o(i.HAL_I2C_EV_IRQHandler) refers to stm32f4xx_hal_i2c.o(i.I2C_Master_SB) for I2C_Master_SB
    stm32f4xx_hal_i2c.o(i.HAL_I2C_EV_IRQHandler) refers to stm32f4xx_hal_i2c.o(i.I2C_Master_ADDR) for I2C_Master_ADDR
    stm32f4xx_hal_i2c.o(i.HAL_I2C_EV_IRQHandler) refers to stm32f4xx_hal_i2c.o(i.I2C_MasterTransmit_TXE) for I2C_MasterTransmit_TXE
    stm32f4xx_hal_i2c.o(i.HAL_I2C_EV_IRQHandler) refers to stm32f4xx_hal_i2c.o(i.I2C_MemoryTransmit_TXE_BTF) for I2C_MemoryTransmit_TXE_BTF
    stm32f4xx_hal_i2c.o(i.HAL_I2C_EV_IRQHandler) refers to stm32f4xx_hal_i2c.o(i.I2C_MasterTransmit_BTF) for I2C_MasterTransmit_BTF
    stm32f4xx_hal_i2c.o(i.HAL_I2C_EV_IRQHandler) refers to stm32f4xx_hal_i2c.o(i.I2C_MasterReceive_RXNE) for I2C_MasterReceive_RXNE
    stm32f4xx_hal_i2c.o(i.HAL_I2C_EV_IRQHandler) refers to stm32f4xx_hal_i2c.o(i.I2C_MasterReceive_BTF) for I2C_MasterReceive_BTF
[...]
    .ARM.Collect$$libshutdown$$0000000F      0x080002c2   Section        0  libshutdown2.o(.ARM.Collect$$libshutdown$$0000000F)
    .ARM.Collect$$libshutdown$$00000010      0x080002c2   Section        2  libshutdown2.o(.ARM.Collect$$libshutdown$$00000010)
    .ARM.Collect$$rtentry$$00000000          0x080002c4   Section        0  __rtentry.o(.ARM.Collect$$rtentry$$00000000)
    .ARM.Collect$$rtentry$$00000002          0x080002c4   Section        0  __rtentry2.o(.ARM.Collect$$rtentry$$00000002)
    .ARM.Collect$$rtentry$$00000004          0x080002c4   Section        6  __rtentry4.o(.ARM.Collect$$rtentry$$00000004)
    .ARM.Collect$$rtentry$$00000009          0x080002ca   Section        0  __rtentry2.o(.ARM.Collect$$rtentry$$00000009)
    .ARM.Collect$$rtentry$$0000000A          0x080002ca   Section        4  __rtentry2.o(.ARM.Collect$$rtentry$$0000000A)
    .ARM.Collect$$rtentry$$0000000C          0x080002ce   Section        0  __rtentry2.o(.ARM.Collect$$rtentry$$0000000C)
    .ARM.Collect$$rtentry$$0000000D          0x080002ce   Section        8  __rtentry2.o(.ARM.Collect$$rtentry$$0000000D)
    .ARM.Collect$$rtexit$$00000000           0x080002d6   Section        2  rtexit.o(.ARM.Collect$$rtexit$$00000000)
    .ARM.Collect$$rtexit$$00000002           0x080002d8   Section        0  rtexit2.o(.ARM.Collect$$rtexit$$00000002)
    .ARM.Collect$$rtexit$$00000003           0x080002d8   Section        4  rtexit2.o(.ARM.Collect$$rtexit$$00000003)
    .ARM.Collect$$rtexit$$00000004           0x080002dc   Section        6  rtexit2.o(.ARM.Collect$$rtexit$$00000004)
    .text                                    0x080002e4   Section       64  startup_stm32f411xe.o(.text)
    $v0                                      0x080002e4   Number         0  startup_stm32f411xe.o(.text)
    .text                                    0x08000324   Section      238  lludivv7m.o(.text)
    .text                                    0x08000414   Section        0  vsprintf.o(.text)
    .text                                    0x08000438   Section        0  __2sprintf.o(.text)
    .text                                    0x08000464   Section        0  _printf_pad.o(.text)
    .text                                    0x080004b2   Section        0  _printf_str.o(.text)
    .text                                    0x08000504   Section        0  _printf_dec.o(.text)
    .text                                    0x0800057c   Section        0  __printf_flags_ss_wp.o(.text)
    .text                                    0x08000704   Section       78  rt_memclr_w.o(.text)
    .text                                    0x08000752   Section        0  heapauxi.o(.text)
    .text                                    0x08000758   Section        0  _printf_truncate.o(.text)
    .text                                    0x0800077c   Section        0  _printf_intcommon.o(.text)
    .text                                    0x0800082e   Section        0  _printf_charcount.o(.text)
    .text                                    0x08000858   Section        0  _printf_char_common.o(.text)
    _printf_input_char                       0x08000859   Thumb Code    10  _printf_char_common.o(.text)
    .text                                    0x08000888   Section        0  _sputc.o(.text)
    .text                                    0x08000892   Section        0  _printf_char.o(.text)
    .text                                    0x080008c0   Section        0  _printf_wctomb.o(.text)
    .text                                    0x0800097c   Section        0  _printf_longlong_dec.o(.text)
    .text                                    0x080009f8   Section        0  _printf_oct_int_ll.o(.text)
    _printf_longlong_oct_internal            0x080009f9   Thumb Code     0  _printf_oct_int_ll.o(.text)
    .text                                    0x08000a68   Section        0  _printf_hex_int_ll_ptr.o(.text)
    _printf_hex_common                       0x08000a69   Thumb Code     0  _printf_hex_int_ll_ptr.o(.text)
    .text                                    0x08000afc   Section      138  lludiv10.o(.text)
    .text                                    0x08000b86   Section        0  _printf_fp_dec.o(.text)
    _fp_digits                               0x08000b89   Thumb Code   432  _printf_fp_dec.o(.text)
    .text                                    0x08000fa4   Section        0  _printf_fp_hex.o(.text)
    .text                                    0x080012a0   Section        0  _printf_wchar.o(.text)
    .text                                    0x080012cc   Section        0  _wcrtomb.o(.text)
    .text                                    0x0800130c   Section       74  sys_stackheap_outer.o(.text)
    .text                                    0x08001358   Section       16  rt_ctype_table.o(.text)
    .text                                    0x08001368   Section        8  rt_locale_intlibspace.o(.text)
    .text                                    0x08001370   Section        0  _printf_fp_infnan.o(.text)
    .text                                    0x080013f0   Section        0  bigflt0.o(.text)
    .text                                    0x080014d4   Section        0  exit.o(.text)
    .text                                    0x080014e8   Section        8  libspace.o(.text)
    .text                                    0x080014f0   Section      128  strcmpv7m.o(.text)
    .text                                    0x08001570   Section        0  sys_exit.o(.text)
    .text                                    0x0800157c   Section        2  use_no_semi.o(.text)
    .text                                    0x0800157e   Section        0  indicate_semi.o(.text)
    CL$$btod_d2e                             0x0800157e   Section       62  btod.o(CL$$btod_d2e)
    CL$$btod_d2e_denorm_low                  0x080015bc   Section       70  btod.o(CL$$btod_d2e_denorm_low)
    CL$$btod_d2e_norm_op1                    0x08001602   Section       96  btod.o(CL$$btod_d2e_norm_op1)
    CL$$btod_div_common                      0x08001662   Section      824  btod.o(CL$$btod_div_common)
    CL$$btod_e2e                             0x0800199a   Section      220  btod.o(CL$$btod_e2e)
    CL$$btod_ediv                            0x08001a76   Section       42  btod.o(CL$$btod_ediv)
    CL$$btod_emul                            0x08001aa0   Section       42  btod.o(CL$$btod_emul)
    CL$$btod_mult_common                     0x08001aca   Section      580  btod.o(CL$$btod_mult_common)
    i.BCD2Decimal                            0x08001d0e   Section        0  ds3231.o(i.BCD2Decimal)
    i.BusFault_Handler                       0x08001d20   Section        0  stm32f4xx_it.o(i.BusFault_Handler)
    i.DebugMon_Handler                       0x08001d22   Section        0  stm32f4xx_it.o(i.DebugMon_Handler)
    i.Decimal2BCD                            0x08001d24   Section        0  ds3231.o(i.Decimal2BCD)
    i.HAL_Delay                              0x08001d3c   Section        0  stm32f4xx_hal.o(i.HAL_Delay)
    i.HAL_GPIO_Init                          0x08001d60   Section        0  stm32f4xx_hal_gpio.o(i.HAL_GPIO_Init)
    i.HAL_GPIO_ReadPin                       0x08001f40   Section        0  stm32f4xx_hal_gpio.o(i.HAL_GPIO_ReadPin)
    i.HAL_GetTick                            0x08001f4c   Section        0  stm32f4xx_hal.o(i.HAL_GetTick)
    i.HAL_I2C_Init                           0x08001f58   Section        0  stm32f4xx_hal_i2c.o(i.HAL_I2C_Init)
    i.HAL_I2C_Master_Receive                 0x080020e0   Section        0  stm32f4xx_hal_i2c.o(i.HAL_I2C_Master_Receive)
    i.HAL_I2C_Master_Transmit                0x080022c0   Section        0  stm32f4xx_hal_i2c.o(i.HAL_I2C_Master_Transmit)
    i.HAL_I2C_MspInit                        0x080023ec   Section        0  stm32f4xx_hal_msp.o(i.HAL_I2C_MspInit)
    i.HAL_IncTick                            0x080024b4   Section        0  stm32f4xx_hal.o(i.HAL_IncTick)
    i.HAL_Init                               0x080024c4   Section        0  stm32f4xx_hal.o(i.HAL_Init)
    i.HAL_InitTick                           0x080024f8   Section        0  stm32f4xx_hal.o(i.HAL_InitTick)
    i.HAL_MspInit                            0x08002538   Section        0  stm32f4xx_hal_msp.o(i.HAL_MspInit)
    i.HAL_NVIC_SetPriority                   0x08002568   Section        0  stm32f4xx_hal_cortex.o(i.HAL_NVIC_SetPriority)
    i.HAL_NVIC_SetPriorityGrouping           0x080025a8   Section        0  stm32f4xx_hal_cortex.o(i.HAL_NVIC_SetPriorityGrouping)
    i.HAL_RCC_ClockConfig                    0x080025cc   Section        0  stm32f4xx_hal_rcc.o(i.HAL_RCC_ClockConfig)
    i.HAL_RCC_GetPCLK1Freq                   0x08002700   Section        0  stm32f4xx_hal_rcc.o(i.HAL_RCC_GetPCLK1Freq)
    i.HAL_RCC_GetSysClockFreq                0x08002720   Section        0  stm32f4xx_hal_rcc.o(i.HAL_RCC_GetSysClockFreq)
    i.HAL_RCC_OscConfig                      0x08002784   Section        0  stm32f4xx_hal_rcc.o(i.HAL_RCC_OscConfig)
    i.HAL_SYSTICK_Config                     0x08002af0   Section        0  stm32f4xx_hal_cortex.o(i.HAL_SYSTICK_Config)
    i.HardFault_Handler                      0x08002b18   Section        0  stm32f4xx_it.o(i.HardFault_Handler)
    i.I2C_IsAcknowledgeFailed                0x08002b1a   Section        0  stm32f4xx_hal_i2c.o(i.I2C_IsAcknowledgeFailed)
    I2C_IsAcknowledgeFailed                  0x08002b1b   Thumb Code    46  stm32f4xx_hal_i2c.o(i.I2C_IsAcknowledgeFailed)
    i.I2C_MasterRequestRead                  0x08002b48   Section        0  stm32f4xx_hal_i2c.o(i.I2C_MasterRequestRead)
    I2C_MasterRequestRead                    0x08002b49   Thumb Code   230  stm32f4xx_hal_i2c.o(i.I2C_MasterRequestRead)
    i.I2C_MasterRequestWrite                 0x08002c34   Section        0  stm32f4xx_hal_i2c.o(i.I2C_MasterRequestWrite)
    I2C_MasterRequestWrite                   0x08002c35   Thumb Code   150  stm32f4xx_hal_i2c.o(i.I2C_MasterRequestWrite)
    i.I2C_WaitOnBTFFlagUntilTimeout          0x08002cd0   Section        0  stm32f4xx_hal_i2c.o(i.I2C_WaitOnBTFFlagUntilTimeout)
    I2C_WaitOnBTFFlagUntilTimeout            0x08002cd1   Thumb Code    76  stm32f4xx_hal_i2c.o(i.I2C_WaitOnBTFFlagUntilTimeout)
    i.I2C_WaitOnFlagUntilTimeout             0x08002d1c   Section        0  stm32f4xx_hal_i2c.o(i.I2C_WaitOnFlagUntilTimeout)
    I2C_WaitOnFlagUntilTimeout               0x08002d1d   Thumb Code   104  stm32f4xx_hal_i2c.o(i.I2C_WaitOnFlagUntilTimeout)
    i.I2C_WaitOnMasterAddressFlagUntilTimeout 0x08002d84   Section        0  stm32f4xx_hal_i2c.o(i.I2C_WaitOnMasterAddressFlagUntilTimeout)
    I2C_WaitOnMasterAddressFlagUntilTimeout  0x08002d85   Thumb Code   150  stm32f4xx_hal_i2c.o(i.I2C_WaitOnMasterAddressFlagUntilTimeout)
    i.I2C_WaitOnRXNEFlagUntilTimeout         0x08002e1a   Section        0  stm32f4xx_hal_i2c.o(i.I2C_WaitOnRXNEFlagUntilTimeout)
    I2C_WaitOnRXNEFlagUntilTimeout           0x08002e1b   Thumb Code   102  stm32f4xx_hal_i2c.o(i.I2C_WaitOnRXNEFlagUntilTimeout)
    i.I2C_WaitOnTXEFlagUntilTimeout          0x08002e80   Section        0  stm32f4xx_hal_i2c.o(i.I2C_WaitOnTXEFlagUntilTimeout)
    I2C_WaitOnTXEFlagUntilTimeout            0x08002e81   Thumb Code    76  stm32f4xx_hal_i2c.o(i.I2C_WaitOnTXEFlagUntilTimeout)
    i.MX_GPIO_Init                           0x08002ecc   Section        0  main.o(i.MX_GPIO_Init)
    MX_GPIO_Init                             0x08002ecd   Thumb Code    86  main.o(i.MX_GPIO_Init)
    i.MemManage_Handler                      0x08002f2c   Section        0  stm32f4xx_it.o(i.MemManage_Handler)
    i.NMI_Handler                            0x08002f2e   Section        0  stm32f4xx_it.o(i.NMI_Handler)
    i.PendSV_Handler                         0x08002f30   Section        0  stm32f4xx_it.o(i.PendSV_Handler)
    i.SVC_Handler                            0x08002f32   Section        0  stm32f4xx_it.o(i.SVC_Handler)
    i.SysTick_Handler                        0x08002f34   Section        0  stm32f4xx_it.o(i.SysTick_Handler)
    i.SystemClock_Config                     0x08002f38   Section        0  main.o(i.SystemClock_Config)
    i.SystemInit                             0x08002fc8   Section        0  system_stm32f4xx.o(i.SystemInit)
    i.UsageFault_Handler                     0x08002fd8   Section        0  stm32f4xx_it.o(i.UsageFault_Handler)
    i.__ARM_fpclassify                       0x08002fda   Section        0  fpclassify.o(i.__ARM_fpclassify)
    i.__NVIC_SetPriority                     0x0800300a   Section        0  stm32f4xx_hal_cortex.o(i.__NVIC_SetPriority)
    __NVIC_SetPriority                       0x0800300b   Thumb Code    32  stm32f4xx_hal_cortex.o(i.__NVIC_SetPriority)
    i._is_digit                              0x0800302a   Section        0  __printf_wp.o(i._is_digit)
    i.adjust_time                            0x08003038   Section        0  clock_handle.o(i.adjust_time)
    i.alarm_screen                           0x08003110   Section        0  clock_handle.o(i.alarm_screen)
    i.btn_press_timeout_callback             0x080031b0   Section        0  button_callback.o(i.btn_press_timeout_callback)
    i.btn_press_timeout_repeat_callback      0x080031cc   Section        0  button_callback.o(i.btn_press_timeout_repeat_callback)
    i.btn_pressed_short_callback             0x080031f4   Section        0  button_callback.o(i.btn_pressed_short_callback)
    i.btn_pressing_callback                  0x08003234   Section        0  button_callback.o(i.btn_pressing_callback)
    i.btn_release_callback                   0x0800325c   Section        0  button.o(i.btn_release_callback)
    i.button_callback_handle                 0x08003260   Section        0  button_callback.o(i.button_callback_handle)
    i.button_callback_init                   0x08003280   Section        0  button_callback.o(i.button_callback_init)
    i.button_handle                          0x080032b4   Section        0  button.o(i.button_handle)
    i.button_init                            0x0800339c   Section        0  button.o(i.button_init)
    i.check_leap_year                        0x080033ba   Section        0  utils.o(i.check_leap_year)
    i.clock_handle                           0x080033e0   Section        0  clock_handle.o(i.clock_handle)
    i.clock_init                             0x08003428   Section        0  clock_handle.o(i.clock_init)
    i.get_max_date                           0x0800345c   Section        0  utils.o(i.get_max_date)
    i.lcd_clear_display                      0x0800348c   Section        0  liquidcrystal_i2c.o(i.lcd_clear_display)
    i.lcd_init                               0x0800349e   Section        0  liquidcrystal_i2c.o(i.lcd_init)
    i.lcd_printf                             0x08003504   Section        0  liquidcrystal_i2c.o(i.lcd_printf)
    i.lcd_send_cmd                           0x0800353a   Section        0  liquidcrystal_i2c.o(i.lcd_send_cmd)
    lcd_send_cmd                             0x0800353b   Thumb Code    64  liquidcrystal_i2c.o(i.lcd_send_cmd)
    i.lcd_send_data                          0x0800357a   Section        0  liquidcrystal_i2c.o(i.lcd_send_data)
    lcd_send_data                            0x0800357b   Thumb Code    72  liquidcrystal_i2c.o(i.lcd_send_data)
    i.lcd_set_cursor                         0x080035c4   Section        0  liquidcrystal_i2c.o(i.lcd_set_cursor)
    i.lcd_set_cursor_blink_off               0x080035e4   Section        0  liquidcrystal_i2c.o(i.lcd_set_cursor_blink_off)
    i.main                                   0x080035f4   Section        0  main.o(i.main)
    i.reset_time_start                       0x08003670   Section        0  clock_handle.o(i.reset_time_start)
    i.rtc_init                               0x08003680   Section        0  ds3231.o(i.rtc_init)
    i.rtc_read_day_of_week                   0x0800368c   Section        0  ds3231.o(i.rtc_read_day_of_week)
    i.rtc_read_reg                           0x080036e0   Section        0  ds3231.o(i.rtc_read_reg)
    i.rtc_read_time                          0x08003710   Section        0  ds3231.o(i.rtc_read_time)
    i.rtc_write_reg                          0x08003788   Section        0  ds3231.o(i.rtc_write_reg)
    i.rtc_write_time                         0x080037ac   Section        0  ds3231.o(i.rtc_write_time)
    i.setting_blink                          0x08003814   Section        0  clock_handle.o(i.setting_blink)
    i.time_update                            0x08003920   Section        0  clock_handle.o(i.time_update)
    i.up_down_number                         0x080039bc   Section        0  utils.o(i.up_down_number)
    i.update_alarm_now                       0x080039e0   Section        0  clock_handle.o(i.update_alarm_now)
    i.update_time_now                        0x08003a38   Section        0  clock_handle.o(i.update_time_now)
    locale$$code                             0x08003ab8   Section       44  lc_numeric_c.o(locale$$code)
    locale$$code                             0x08003ae4   Section       44  lc_ctype_c.o(locale$$code)
    x$fpl$fpinit                             0x08003b10   Section       10  fpinit.o(x$fpl$fpinit)
    $v0                                      0x08003b10   Number         0  fpinit.o(x$fpl$fpinit)
    x$fpl$printf1                            0x08003b1a   Section        4  printf1.o(x$fpl$printf1)
    $v0                                      0x08003b1a   Number         0  printf1.o(x$fpl$printf1)
    x$fpl$printf2                            0x08003b1e   Section        4  printf2.o(x$fpl$printf2)
    $v0                                      0x08003b1e   Number         0  printf2.o(x$fpl$printf2)
    .constdata                               0x08003b22   Section       16  system_stm32f4xx.o(.constdata)
    x$fpl$usenofp                            0x08003b22   Section        0  usenofp.o(x$fpl$usenofp)
    .constdata                               0x08003b32   Section        8  system_stm32f4xx.o(.constdata)
    .constdata                               0x08003b3a   Section       28  clock_handle.o(.constdata)
    .constdata                               0x08003b56   Section       17  __printf_flags_ss_wp.o(.constdata)
    maptable                                 0x08003b56   Data          17  __printf_flags_ss_wp.o(.constdata)
    .constdata                               0x08003b68   Section        8  _printf_wctomb.o(.constdata)
    initial_mbstate                          0x08003b68   Data           8  _printf_wctomb.o(.constdata)
    .constdata                               0x08003b70   Section       40  _printf_hex_int_ll_ptr.o(.constdata)
    uc_hextab                                0x08003b70   Data          20  _printf_hex_int_ll_ptr.o(.constdata)
    lc_hextab                                0x08003b84   Data          20  _printf_hex_int_ll_ptr.o(.constdata)
    .constdata                               0x08003b98   Section       38  _printf_fp_hex.o(.constdata)
    lc_hextab                                0x08003b98   Data          19  _printf_fp_hex.o(.constdata)
    uc_hextab                                0x08003bab   Data          19  _printf_fp_hex.o(.constdata)
    .constdata                               0x08003bc0   Section      148  bigflt0.o(.constdata)
    tenpwrs_x                                0x08003bc0   Data          60  bigflt0.o(.constdata)
    tenpwrs_i                                0x08003bfc   Data          64  bigflt0.o(.constdata)
    locale$$data                             0x08003c74   Section       28  lc_numeric_c.o(locale$$data)
    __lcnum_c_name                           0x08003c78   Data           2  lc_numeric_c.o(locale$$data)
    __lcnum_c_start                          0x08003c80   Data           0  lc_numeric_c.o(locale$$data)
    __lcnum_c_point                          0x08003c8c   Data           0  lc_numeric_c.o(locale$$data)
    __lcnum_c_thousands                      0x08003c8e   Data           0  lc_numeric_c.o(locale$$data)
    __lcnum_c_grouping                       0x08003c8f   Data           0  lc_numeric_c.o(locale$$data)
    locale$$data                             0x08003c90   Section      272  lc_ctype_c.o(locale$$data)
    __lcnum_c_end                            0x08003c90   Data           0  lc_numeric_c.o(locale$$data)
    __lcctype_c_name                         0x08003c94   Data           2  lc_ctype_c.o(locale$$data)
    __lcctype_c_start                        0x08003c9c   Data           0  lc_ctype_c.o(locale$$data)
    __lcctype_c_end                          0x08003da0   Data           0  lc_ctype_c.o(locale$$data)
    .data                                    0x20000000   Section       12  stm32f4xx_hal.o(.data)
    .data                                    0x2000000c   Section        4  system_stm32f4xx.o(.data)
    .data                                    0x20000010   Section        4  ds3231.o(.data)
    ds_i2c                                   0x20000010   Data           4  ds3231.o(.data)
    .data                                    0x20000014   Section       31  clock_handle.o(.data)
    is_show                                  0x20000015   Data           1  clock_handle.o(.data)
    is_show                                  0x20000016   Data           1  clock_handle.o(.data)
    t_update                                 0x20000020   Data           4  clock_handle.o(.data)
    t_blink                                  0x20000024   Data           4  clock_handle.o(.data)
    t_blink                                  0x20000028   Data           4  clock_handle.o(.data)
    .bss                                     0x20000034   Section      168  main.o(.bss)
    .bss                                     0x200000dc   Section       60  button_callback.o(.bss)
    .bss                                     0x20000118   Section       12  clock_handle.o(.bss)
    .bss                                     0x20000124   Section       96  libspace.o(.bss)
    HEAP                                     0x20000188   Section      512  startup_stm32f411xe.o(HEAP)
    Heap_Mem                                 0x20000188   Data         512  startup_stm32f411xe.o(HEAP)
    STACK                                    0x20000388   Section     1024  startup_stm32f411xe.o(STACK)
    Stack_Mem                                0x20000388   Data        1024  startup_stm32f411xe.o(STACK)
    __initial_sp                             0x20000788   Data           0  startup_stm32f411xe.o(STACK)

    Global Symbols

    Symbol Name                              Value     Ov Type        Size  Object(Section)

    BuildAttributes$$THM_ISAv4$E$P$D$K$B$S$7EM$VFPi3$EXTD16$VFPS$VFMA$PE$A:L22UL41UL21$X:L11$S22US41US21$IEEE1$IW$USESV6$~STKCKD$USESV7$~SHL$OTIME$ROPI$IEEEJ$EBA8$UX$STANDARDLIB$REQ8$PRES8$EABIv2 0x00000000   Number         0  anon$$obj.o ABSOLUTE
    __ARM_use_no_argv                        0x00000000   Number         0  main.o ABSOLUTE
    _printf_flags                            0x00000000   Number         0  printf_stubs.o ABSOLUTE
    _printf_return_value                     0x00000000   Number         0  printf_stubs.o ABSOLUTE
    _printf_sizespec                         0x00000000   Number         0  printf_stubs.o ABSOLUTE
    _printf_widthprec                        0x00000000   Number         0  printf_stubs.o ABSOLUTE
    __ARM_exceptions_init                     - Undefined Weak Reference
    __alloca_initialize                       - Undefined Weak Reference
    __arm_preinit_                            - Undefined Weak Reference
    __cpp_initialize__aeabi_                  - Undefined Weak Reference
    __cxa_finalize                            - Undefined Weak Reference
    __sigvec_lookup                           - Undefined Weak Reference
    _atexit_init                              - Undefined Weak Reference
    _call_atexit_fns                          - Undefined Weak Reference
    _clock_init                               - Undefined Weak Reference
    _fp_trap_init                             - Undefined Weak Reference
    _fp_trap_shutdown                         - Undefined Weak Reference
    _get_lc_collate                           - Undefined Weak Reference
    _get_lc_monetary                          - Undefined Weak Reference
    _get_lc_time                              - Undefined Weak Reference
    _getenv_init                              - Undefined Weak Reference
    _handle_redirection                       - Undefined Weak Reference
    _init_alloc                               - Undefined Weak Reference
    _init_user_alloc                          - Undefined Weak Reference
    _initio                                   - Undefined Weak Reference
    _printf_mbtowc                            - Undefined Weak Reference
    _printf_wc                                - Undefined Weak Reference
    _rand_init                                - Undefined Weak Reference
    _signal_finish                            - Undefined Weak Reference
    _signal_init                              - Undefined Weak Reference
    _terminate_alloc                          - Undefined Weak Reference
    _terminate_user_alloc                     - Undefined Weak Reference
    _terminateio                              - Undefined Weak Reference
    __Vectors_Size                           0x00000198   Number         0  startup_stm32f411xe.o ABSOLUTE
    __Vectors                                0x08000000   Data           4  startup_stm32f411xe.o(RESET)
    __Vectors_End                            0x08000198   Data           0  startup_stm32f411xe.o(RESET)
    __main                                   0x08000199   Thumb Code     8  __main.o(!!!main)
    __scatterload                            0x080001a1   Thumb Code     0  __scatter.o(!!!scatter)
    __scatterload_rt2                        0x080001a1   Thumb Code    44  __scatter.o(!!!scatter)
    __scatterload_rt2_thumb_only             0x080001a1   Thumb Code     0  __scatter.o(!!!scatter)
    __scatterload_null                       0x080001af   Thumb Code     0  __scatter.o(!!!scatter)
    __scatterload_copy                       0x080001d5   Thumb Code    26  __scatter_copy.o(!!handler_copy)
    __scatterload_zeroinit                   0x080001f1   Thumb Code    28  __scatter_zi.o(!!handler_zi)
    _printf_n                                0x0800020d   Thumb Code     0  _printf_n.o(.ARM.Collect$$_printf_percent$$00000001)
    _printf_percent                          0x0800020d   Thumb Code     0  _printf_percent.o(.ARM.Collect$$_printf_percent$$00000000)
    _printf_p                                0x08000213   Thumb Code     0  _printf_p.o(.ARM.Collect$$_printf_percent$$00000002)
    _printf_f                                0x08000219   Thumb Code     0  _printf_f.o(.ARM.Collect$$_printf_percent$$00000003)
    _printf_e                                0x0800021f   Thumb Code     0  _printf_e.o(.ARM.Collect$$_printf_percent$$00000004)
    _printf_g                                0x08000225   Thumb Code     0  _printf_g.o(.ARM.Collect$$_printf_percent$$00000005)
    _printf_a                                0x0800022b   Thumb Code     0  _printf_a.o(.ARM.Collect$$_printf_percent$$00000006)
    _printf_ll                               0x08000231   Thumb Code     0  _printf_ll.o(.ARM.Collect$$_printf_percent$$00000007)
    _printf_i                                0x0800023b   Thumb Code     0  _printf_i.o(.ARM.Collect$$_printf_percent$$00000008)
    _printf_d                                0x08000241   Thumb Code     0  _printf_d.o(.ARM.Collect$$_printf_percent$$00000009)
    _printf_u                                0x08000247   Thumb Code     0  _printf_u.o(.ARM.Collect$$_printf_percent$$0000000A)
    _printf_o                                0x0800024d   Thumb Code     0  _printf_o.o(.ARM.Collect$$_printf_percent$$0000000B)
    _printf_x                                0x08000253   Thumb Code     0  _printf_x.o(.ARM.Collect$$_printf_percent$$0000000C)
    _printf_lli                              0x08000259   Thumb Code     0  _printf_lli.o(.ARM.Collect$$_printf_percent$$0000000D)
    _printf_lld                              0x0800025f   Thumb Code     0  _printf_lld.o(.ARM.Collect$$_printf_percent$$0000000E)
    _printf_llu                              0x08000265   Thumb Code     0  _printf_llu.o(.ARM.Collect$$_printf_percent$$0000000F)
    _printf_llo                              0x0800026b   Thumb Code     0  _printf_llo.o(.ARM.Collect$$_printf_percent$$00000010)
    _printf_llx                              0x08000271   Thumb Code     0  _printf_llx.o(.ARM.Collect$$_printf_percent$$00000011)
    _printf_l                                0x08000277   Thumb Code     0  _printf_l.o(.ARM.Collect$$_printf_percent$$00000012)
    _printf_c                                0x08000281   Thumb Code     0  _printf_c.o(.ARM.Collect$$_printf_percent$$00000013)
    _printf_s                                0x08000287   Thumb Code     0  _printf_s.o(.ARM.Collect$$_printf_percent$$00000014)
    _printf_lc                               0x0800028d   Thumb Code     0  _printf_lc.o(.ARM.Collect$$_printf_percent$$00000015)
    _printf_ls                               0x08000293   Thumb Code     0  _printf_ls.o(.ARM.Collect$$_printf_percent$$00000016)
    _printf_percent_end                      0x08000299   Thumb Code     0  _printf_percent_end.o(.ARM.Collect$$_printf_percent$$00000017)
    __rt_lib_init                            0x0800029d   Thumb Code     0  libinit.o(.ARM.Collect$$libinit$$00000000)
    __rt_lib_init_fp_1                       0x0800029f   Thumb Code     0  libinit2.o(.ARM.Collect$$libinit$$00000001)
    __rt_lib_init_heap_1                     0x080002a3   Thumb Code     0  libinit2.o(.ARM.Collect$$libinit$$0000000A)
    __rt_lib_init_lc_common                  0x080002a3   Thumb Code     0  libinit2.o(.ARM.Collect$$libinit$$0000000F)
    __rt_lib_init_preinit_1                  0x080002a3   Thumb Code     0  libinit2.o(.ARM.Collect$$libinit$$00000004)
    __rt_lib_init_rand_1                     0x080002a3   Thumb Code     0  libinit2.o(.ARM.Collect$$libinit$$0000000E)
    __rt_lib_init_user_alloc_1               0x080002a3   Thumb Code     0  libinit2.o(.ARM.Collect$$libinit$$0000000C)
    __rt_lib_init_lc_collate_1               0x080002a9   Thumb Code     0  libinit2.o(.ARM.Collect$$libinit$$00000011)
    __rt_lib_init_lc_ctype_2                 0x080002a9   Thumb Code     0  libinit2.o(.ARM.Collect$$libinit$$00000012)
    __rt_lib_init_lc_ctype_1                 0x080002b5   Thumb Code     0  libinit2.o(.ARM.Collect$$libinit$$00000013)
    __rt_lib_init_lc_monetary_1              0x080002b5   Thumb Code     0  libinit2.o(.ARM.Collect$$libinit$$00000015)
    __rt_lib_init_lc_numeric_2               0x080002b5   Thumb Code     0  libinit2.o(.ARM.Collect$$libinit$$00000016)
    __rt_lib_init_alloca_1                   0x080002bf   Thumb Code     0  libinit2.o(.ARM.Collect$$libinit$$0000002E)
    __rt_lib_init_argv_1                     0x080002bf   Thumb Code     0  libinit2.o(.ARM.Collect$$libinit$$0000002C)
    __rt_lib_init_atexit_1                   0x080002bf   Thumb Code     0  libinit2.o(.ARM.Collect$$libinit$$0000001B)
    __rt_lib_init_clock_1                    0x080002bf   Thumb Code     0  libinit2.o(.ARM.Collect$$libinit$$00000021)
    __rt_lib_init_cpp_1                      0x080002bf   Thumb Code     0  libinit2.o(.ARM.Collect$$libinit$$00000032)
    __rt_lib_init_exceptions_1               0x080002bf   Thumb Code     0  libinit2.o(.ARM.Collect$$libinit$$00000030)
    __rt_lib_init_fp_trap_1                  0x080002bf   Thumb Code     0  libinit2.o(.ARM.Collect$$libinit$$0000001F)
    __rt_lib_init_getenv_1                   0x080002bf   Thumb Code     0  libinit2.o(.ARM.Collect$$libinit$$00000023)
    __rt_lib_init_lc_numeric_1               0x080002bf   Thumb Code     0  libinit2.o(.ARM.Collect$$libinit$$00000017)
    __rt_lib_init_lc_time_1                  0x080002bf   Thumb Code     0  libinit2.o(.ARM.Collect$$libinit$$00000019)
    __rt_lib_init_return                     0x080002bf   Thumb Code     0  libinit2.o(.ARM.Collect$$libinit$$00000033)
    __rt_lib_init_signal_1                   0x080002bf   Thumb Code     0  libinit2.o(.ARM.Collect$$libinit$$0000001D)
    __rt_lib_init_stdio_1                    0x080002bf   Thumb Code     0  libinit2.o(.ARM.Collect$$libinit$$00000025)
    __rt_lib_shutdown                        0x080002c1   Thumb Code     0  libshutdown.o(.ARM.Collect$$libshutdown$$00000000)
    __rt_lib_shutdown_cpp_1                  0x080002c3   Thumb Code     0  libshutdown2.o(.ARM.Collect$$libshutdown$$00000002)
    __rt_lib_shutdown_fp_trap_1              0x080002c3   Thumb Code     0  libshutdown2.o(.ARM.Collect$$libshutdown$$00000007)
    __rt_lib_shutdown_heap_1                 0x080002c3   Thumb Code     0  libshutdown2.o(.ARM.Collect$$libshutdown$$0000000F)
    __rt_lib_shutdown_return                 0x080002c3   Thumb Code     0  libshutdown2.o(.ARM.Collect$$libshutdown$$00000010)
    __rt_lib_shutdown_signal_1               0x080002c3   Thumb Code     0  libshutdown2.o(.ARM.Collect$$libshutdown$$0000000A)
    __rt_lib_shutdown_stdio_1                0x080002c3   Thumb Code     0  libshutdown2.o(.ARM.Collect$$libshutdown$$00000004)
    __rt_lib_shutdown_user_alloc_1           0x080002c3   Thumb Code     0  libshutdown2.o(.ARM.Collect$$libshutdown$$0000000C)
    __rt_entry                               0x080002c5   Thumb Code     0  __rtentry.o(.ARM.Collect$$rtentry$$00000000)
    __rt_entry_presh_1                       0x080002c5   Thumb Code     0  __rtentry2.o(.ARM.Collect$$rtentry$$00000002)
    __rt_entry_sh                            0x080002c5   Thumb Code     0  __rtentry4.o(.ARM.Collect$$rtentry$$00000004)
    __rt_entry_li                            0x080002cb   Thumb Code     0  __rtentry2.o(.ARM.Collect$$rtentry$$0000000A)
    __rt_entry_postsh_1                      0x080002cb   Thumb Code     0  __rtentry2.o(.ARM.Collect$$rtentry$$00000009)
    __rt_entry_main                          0x080002cf   Thumb Code     0  __rtentry2.o(.ARM.Collect$$rtentry$$0000000D)
    __rt_entry_postli_1                      0x080002cf   Thumb Code     0  __rtentry2.o(.ARM.Collect$$rtentry$$0000000C)
    __rt_exit                                0x080002d7   Thumb Code     0  rtexit.o(.ARM.Collect$$rtexit$$00000000)
    __rt_exit_ls                             0x080002d9   Thumb Code     0  rtexit2.o(.ARM.Collect$$rtexit$$00000003)
    __rt_exit_prels_1                        0x080002d9   Thumb Code     0  rtexit2.o(.ARM.Collect$$rtexit$$00000002)
    __rt_exit_exit                           0x080002dd   Thumb Code     0  rtexit2.o(.ARM.Collect$$rtexit$$00000004)
    Reset_Handler                            0x080002e5   Thumb Code     8  startup_stm32f411xe.o(.text)
    ADC_IRQHandler                           0x080002ff   Thumb Code     0  startup_stm32f411xe.o(.text)
    DMA1_Stream0_IRQHandler                  0x080002ff   Thumb Code     0  startup_stm32f411xe.o(.text)
    DMA1_Stream1_IRQHandler                  0x080002ff   Thumb Code     0  startup_stm32f411xe.o(.text)
    DMA1_Stream2_IRQHandler                  0x080002ff   Thumb Code     0  startup_stm32f411xe.o(.text)
    DMA1_Stream3_IRQHandler                  0x080002ff   Thumb Code     0  startup_stm32f411xe.o(.text)
    DMA1_Stream4_IRQHandler                  0x080002ff   Thumb Code     0  startup_stm32f411xe.o(.text)
    DMA1_Stream5_IRQHandler                  0x080002ff   Thumb Code     0  startup_stm32f411xe.o(.text)
    DMA1_Stream6_IRQHandler                  0x080002ff   Thumb Code     0  startup_stm32f411xe.o(.text)
    DMA1_Stream7_IRQHandler                  0x080002ff   Thumb Code     0  startup_stm32f411xe.o(.text)
    DMA2_Stream0_IRQHandler                  0x080002ff   Thumb Code     0  startup_stm32f411xe.o(.text)
    DMA2_Stream1_IRQHandler                  0x080002ff   Thumb Code     0  startup_stm32f411xe.o(.text)
    DMA2_Stream2_IRQHandler                  0x080002ff   Thumb Code     0  startup_stm32f411xe.o(.text)
    DMA2_Stream3_IRQHandler                  0x080002ff   Thumb Code     0  startup_stm32f411xe.o(.text)
    DMA2_Stream4_IRQHandler                  0x080002ff   Thumb Code     0  startup_stm32f411xe.o(.text)
    DMA2_Stream5_IRQHandler                  0x080002ff   Thumb Code     0  startup_stm32f411xe.o(.text)
    DMA2_Stream6_IRQHandler                  0x080002ff   Thumb Code     0  startup_stm32f411xe.o(.text)
    DMA2_Stream7_IRQHandler                  0x080002ff   Thumb Code     0  startup_stm32f411xe.o(.text)
    EXTI0_IRQHandler                         0x080002ff   Thumb Code     0  startup_stm32f411xe.o(.text)
    EXTI15_10_IRQHandler                     0x080002ff   Thumb Code     0  startup_stm32f411xe.o(.text)
    EXTI1_IRQHandler                         0x080002ff   Thumb Code     0  startup_stm32f411xe.o(.text)
    EXTI2_IRQHandler                         0x080002ff   Thumb Code     0  startup_stm32f411xe.o(.text)
    EXTI3_IRQHandler                         0x080002ff   Thumb Code     0  startup_stm32f411xe.o(.text)
    EXTI4_IRQHandler                         0x080002ff   Thumb Code     0  startup_stm32f411xe.o(.text)
    EXTI9_5_IRQHandler                       0x080002ff   Thumb Code     0  startup_stm32f411xe.o(.text)
    FLASH_IRQHandler                         0x080002ff   Thumb Code     0  startup_stm32f411xe.o(.text)
    FPU_IRQHandler                           0x080002ff   Thumb Code     0  startup_stm32f411xe.o(.text)
    I2C1_ER_IRQHandler                       0x080002ff   Thumb Code     0  startup_stm32f411xe.o(.text)
    I2C1_EV_IRQHandler                       0x080002ff   Thumb Code     0  startup_stm32f411xe.o(.text)
    I2C2_ER_IRQHandler                       0x080002ff   Thumb Code     0  startup_stm32f411xe.o(.text)
    I2C2_EV_IRQHandler                       0x080002ff   Thumb Code     0  startup_stm32f411xe.o(.text)
    I2C3_ER_IRQHandler                       0x080002ff   Thumb Code     0  startup_stm32f411xe.o(.text)
    I2C3_EV_IRQHandler                       0x080002ff   Thumb Code     0  startup_stm32f411xe.o(.text)
    OTG_FS_IRQHandler                        0x080002ff   Thumb Code     0  startup_stm32f411xe.o(.text)
    OTG_FS_WKUP_IRQHandler                   0x080002ff   Thumb Code     0  startup_stm32f411xe.o(.text)
    PVD_IRQHandler                           0x080002ff   Thumb Code     0  startup_stm32f411xe.o(.text)
    RCC_IRQHandler                           0x080002ff   Thumb Code     0  startup_stm32f411xe.o(.text)
    RTC_Alarm_IRQHandler                     0x080002ff   Thumb Code     0  startup_stm32f411xe.o(.text)
    RTC_WKUP_IRQHandler                      0x080002ff   Thumb Code     0  startup_stm32f411xe.o(.text)
    SDIO_IRQHandler                          0x080002ff   Thumb Code     0  startup_stm32f411xe.o(.text)
    SPI1_IRQHandler                          0x080002ff   Thumb Code     0  startup_stm32f411xe.o(.text)
    SPI2_IRQHandler                          0x080002ff   Thumb Code     0  startup_stm32f411xe.o(.text)
    SPI3_IRQHandler                          0x080002ff   Thumb Code     0  startup_stm32f411xe.o(.text)
    SPI4_IRQHandler                          0x080002ff   Thumb Code     0  startup_stm32f411xe.o(.text)
    SPI5_IRQHandler                          0x080002ff   Thumb Code     0  startup_stm32f411xe.o(.text)
    TAMP_STAMP_IRQHandler                    0x080002ff   Thumb Code     0  startup_stm32f411xe.o(.text)
    TIM1_BRK_TIM9_IRQHandler                 0x080002ff   Thumb Code     0  startup_stm32f411xe.o(.text)
    TIM1_CC_IRQHandler                       0x080002ff   Thumb Code     0  startup_stm32f411xe.o(.text)
    TIM1_TRG_COM_TIM11_IRQHandler            0x080002ff   Thumb Code     0  startup_stm32f411xe.o(.text)
    TIM1_UP_TIM10_IRQHandler                 0x080002ff   Thumb Code     0  startup_stm32f411xe.o(.text)
    TIM2_IRQHandler                          0x080002ff   Thumb Code     0  startup_stm32f411xe.o(.text)
    TIM3_IRQHandler                          0x080002ff   Thumb Code     0  startup_stm32f411xe.o(.text)
    TIM4_IRQHandler                          0x080002ff   Thumb Code     0  startup_stm32f411xe.o(.text)
    TIM5_IRQHandler                          0x080002ff   Thumb Code     0  startup_stm32f411xe.o(.text)
    USART1_IRQHandler                        0x080002ff   Thumb Code     0  startup_stm32f411xe.o(.text)
    USART2_IRQHandler                        0x080002ff   Thumb Code     0  startup_stm32f411xe.o(.text)
    USART6_IRQHandler                        0x080002ff   Thumb Code     0  startup_stm32f411xe.o(.text)
    WWDG_IRQHandler                          0x080002ff   Thumb Code     0  startup_stm32f411xe.o(.text)
    __user_initial_stackheap                 0x08000301   Thumb Code     0  startup_stm32f411xe.o(.text)
    __aeabi_uldivmod                         0x08000325   Thumb Code     0  lludivv7m.o(.text)
    _ll_udiv                                 0x08000325   Thumb Code   238  lludivv7m.o(.text)
    vsprintf                                 0x08000415   Thumb Code    32  vsprintf.o(.text)
    __2sprintf                               0x08000439   Thumb Code    38  __2sprintf.o(.text)
    _printf_pre_padding                      0x08000465   Thumb Code    44  _printf_pad.o(.text)
    _printf_post_padding                     0x08000491   Thumb Code    34  _printf_pad.o(.text)
    _printf_str                              0x080004b3   Thumb Code    82  _printf_str.o(.text)
    _printf_int_dec                          0x08000505   Thumb Code   104  _printf_dec.o(.text)
    __printf                                 0x0800057d   Thumb Code   388  __printf_flags_ss_wp.o(.text)
    __aeabi_memclr4                          0x08000705   Thumb Code     0  rt_memclr_w.o(.text)
    __aeabi_memclr8                          0x08000705   Thumb Code     0  rt_memclr_w.o(.text)
    __rt_memclr_w                            0x08000705   Thumb Code    78  rt_memclr_w.o(.text)
    _memset_w                                0x08000709   Thumb Code     0  rt_memclr_w.o(.text)
    __use_two_region_memory                  0x08000753   Thumb Code     2  heapauxi.o(.text)
    __rt_heap_escrow$2region                 0x08000755   Thumb Code     2  heapauxi.o(.text)
    __rt_heap_expand$2region                 0x08000757   Thumb Code     2  heapauxi.o(.text)
    _printf_truncate_signed                  0x08000759   Thumb Code    18  _printf_truncate.o(.text)
    _printf_truncate_unsigned                0x0800076b   Thumb Code    18  _printf_truncate.o(.text)
    _printf_int_common                       0x0800077d   Thumb Code   178  _printf_intcommon.o(.text)
    _printf_charcount                        0x0800082f   Thumb Code    40  _printf_charcount.o(.text)
    _printf_char_common                      0x08000863   Thumb Code    32  _printf_char_common.o(.text)
    _sputc                                   0x08000889   Thumb Code    10  _sputc.o(.text)
    _printf_cs_common                        0x08000893   Thumb Code    20  _printf_char.o(.text)
    _printf_char                             0x080008a7   Thumb Code    16  _printf_char.o(.text)
    _printf_string                           0x080008b7   Thumb Code     8  _printf_char.o(.text)
    _printf_wctomb                           0x080008c1   Thumb Code   182  _printf_wctomb.o(.text)
    _printf_longlong_dec                     0x0800097d   Thumb Code   108  _printf_longlong_dec.o(.text)
    _printf_longlong_oct                     0x080009f9   Thumb Code    66  _printf_oct_int_ll.o(.text)
    _printf_int_oct                          0x08000a3b   Thumb Code    24  _printf_oct_int_ll.o(.text)
    _printf_ll_oct                           0x08000a53   Thumb Code    12  _printf_oct_int_ll.o(.text)
    _printf_longlong_hex                     0x08000a69   Thumb Code    86  _printf_hex_int_ll_ptr.o(.text)
    _printf_int_hex                          0x08000abf   Thumb Code    28  _printf_hex_int_ll_ptr.o(.text)
    _printf_ll_hex                           0x08000adb   Thumb Code    12  _printf_hex_int_ll_ptr.o(.text)
    _printf_hex_ptr                          0x08000ae7   Thumb Code    18  _printf_hex_int_ll_ptr.o(.text)
    _ll_udiv10                               0x08000afd   Thumb Code   138  lludiv10.o(.text)
    __lib_sel_fp_printf                      0x08000b87   Thumb Code     2  _printf_fp_dec.o(.text)
    _printf_fp_dec_real                      0x08000d39   Thumb Code   620  _printf_fp_dec.o(.text)
    _printf_fp_hex_real                      0x08000fa5   Thumb Code   756  _printf_fp_hex.o(.text)
    _printf_lcs_common                       0x080012a1   Thumb Code    20  _printf_wchar.o(.text)
    _printf_wchar                            0x080012b5   Thumb Code    16  _printf_wchar.o(.text)
    _printf_wstring                          0x080012c5   Thumb Code     8  _printf_wchar.o(.text)
    _wcrtomb                                 0x080012cd   Thumb Code    64  _wcrtomb.o(.text)
    __user_setup_stackheap                   0x0800130d   Thumb Code    74  sys_stackheap_outer.o(.text)
    __rt_ctype_table                         0x08001359   Thumb Code    16  rt_ctype_table.o(.text)
    __rt_locale                              0x08001369   Thumb Code     8  rt_locale_intlibspace.o(.text)
    _printf_fp_infnan                        0x08001371   Thumb Code   112  _printf_fp_infnan.o(.text)
    _btod_etento                             0x080013f1   Thumb Code   224  bigflt0.o(.text)
    exit                                     0x080014d5   Thumb Code    18  exit.o(.text)
    __user_libspace                          0x080014e9   Thumb Code     8  libspace.o(.text)
    __user_perproc_libspace                  0x080014e9   Thumb Code     0  libspace.o(.text)
    __user_perthread_libspace                0x080014e9   Thumb Code     0  libspace.o(.text)
    strcmp                                   0x080014f1   Thumb Code   128  strcmpv7m.o(.text)
    _sys_exit                                0x08001571   Thumb Code     8  sys_exit.o(.text)
    __I$use$semihosting                      0x0800157d   Thumb Code     0  use_no_semi.o(.text)
    __use_no_semihosting_swi                 0x0800157d   Thumb Code     2  use_no_semi.o(.text)
    __semihosting_library_function           0x0800157f   Thumb Code     0  indicate_semi.o(.text)
    _btod_d2e                                0x0800157f   Thumb Code    62  btod.o(CL$$btod_d2e)
    _d2e_denorm_low                          0x080015bd   Thumb Code    70  btod.o(CL$$btod_d2e_denorm_low)
    _d2e_norm_op1                            0x08001603   Thumb Code    96  btod.o(CL$$btod_d2e_norm_op1)
    __btod_div_common                        0x08001663   Thumb Code   696  btod.o(CL$$btod_div_common)
    _e2e                                     0x0800199b   Thumb Code   220  btod.o(CL$$btod_e2e)
    _btod_ediv                               0x08001a77   Thumb Code    42  btod.o(CL$$btod_ediv)
    _btod_emul                               0x08001aa1   Thumb Code    42  btod.o(CL$$btod_emul)
    __btod_mult_common                       0x08001acb   Thumb Code   580  btod.o(CL$$btod_mult_common)
    BCD2Decimal                              0x08001d0f   Thumb Code    18  ds3231.o(i.BCD2Decimal)
    BusFault_Handler                         0x08001d21   Thumb Code     2  stm32f4xx_it.o(i.BusFault_Handler)
    DebugMon_Handler                         0x08001d23   Thumb Code     2  stm32f4xx_it.o(i.DebugMon_Handler)
    Decimal2BCD                              0x08001d25   Thumb Code    22  ds3231.o(i.Decimal2BCD)
    HAL_Delay                                0x08001d3d   Thumb Code    32  stm32f4xx_hal.o(i.HAL_Delay)
    HAL_GPIO_Init                            0x08001d61   Thumb Code   446  stm32f4xx_hal_gpio.o(i.HAL_GPIO_Init)
    HAL_GPIO_ReadPin                         0x08001f41   Thumb Code    10  stm32f4xx_hal_gpio.o(i.HAL_GPIO_ReadPin)
    HAL_GetTick                              0x08001f4d   Thumb Code     6  stm32f4xx_hal.o(i.HAL_GetTick)
    HAL_I2C_Init                             0x08001f59   Thumb Code   376  stm32f4xx_hal_i2c.o(i.HAL_I2C_Init)
    HAL_I2C_Master_Receive                   0x080020e1   Thumb Code   468  stm32f4xx_hal_i2c.o(i.HAL_I2C_Master_Receive)
    HAL_I2C_Master_Transmit                  0x080022c1   Thumb Code   290  stm32f4xx_hal_i2c.o(i.HAL_I2C_Master_Transmit)
    HAL_I2C_MspInit                          0x080023ed   Thumb Code   182  stm32f4xx_hal_msp.o(i.HAL_I2C_MspInit)
    HAL_IncTick                              0x080024b5   Thumb Code    12  stm32f4xx_hal.o(i.HAL_IncTick)
    HAL_Init                                 0x080024c5   Thumb Code    48  stm32f4xx_hal.o(i.HAL_Init)
    HAL_InitTick                             0x080024f9   Thumb Code    54  stm32f4xx_hal.o(i.HAL_InitTick)
    HAL_MspInit                              0x08002539   Thumb Code    42  stm32f4xx_hal_msp.o(i.HAL_MspInit)
    HAL_NVIC_SetPriority                     0x08002569   Thumb Code    60  stm32f4xx_hal_cortex.o(i.HAL_NVIC_SetPriority)
    HAL_NVIC_SetPriorityGrouping             0x080025a9   Thumb Code    26  stm32f4xx_hal_cortex.o(i.HAL_NVIC_SetPriorityGrouping)
    HAL_RCC_ClockConfig                      0x080025cd   Thumb Code   288  stm32f4xx_hal_rcc.o(i.HAL_RCC_ClockConfig)
    HAL_RCC_GetPCLK1Freq                     0x08002701   Thumb Code    20  stm32f4xx_hal_rcc.o(i.HAL_RCC_GetPCLK1Freq)
    HAL_RCC_GetSysClockFreq                  0x08002721   Thumb Code    88  stm32f4xx_hal_rcc.o(i.HAL_RCC_GetSysClockFreq)
    HAL_RCC_OscConfig                        0x08002785   Thumb Code   856  stm32f4xx_hal_rcc.o(i.HAL_RCC_OscConfig)
    HAL_SYSTICK_Config                       0x08002af1   Thumb Code    40  stm32f4xx_hal_cortex.o(i.HAL_SYSTICK_Config)
    HardFault_Handler                        0x08002b19   Thumb Code     2  stm32f4xx_it.o(i.HardFault_Handler)
    MemManage_Handler                        0x08002f2d   Thumb Code     2  stm32f4xx_it.o(i.MemManage_Handler)
    NMI_Handler                              0x08002f2f   Thumb Code     2  stm32f4xx_it.o(i.NMI_Handler)
    PendSV_Handler                           0x08002f31   Thumb Code     2  stm32f4xx_it.o(i.PendSV_Handler)
    SVC_Handler                              0x08002f33   Thumb Code     2  stm32f4xx_it.o(i.SVC_Handler)
    SysTick_Handler                          0x08002f35   Thumb Code     4  stm32f4xx_it.o(i.SysTick_Handler)
    SystemClock_Config                       0x08002f39   Thumb Code   136  main.o(i.SystemClock_Config)
    SystemInit                               0x08002fc9   Thumb Code    12  system_stm32f4xx.o(i.SystemInit)
    UsageFault_Handler                       0x08002fd9   Thumb Code     2  stm32f4xx_it.o(i.UsageFault_Handler)
    __ARM_fpclassify                         0x08002fdb   Thumb Code    48  fpclassify.o(i.__ARM_fpclassify)
    _is_digit                                0x0800302b   Thumb Code    14  __printf_wp.o(i._is_digit)
    adjust_time                              0x08003039   Thumb Code   212  clock_handle.o(i.adjust_time)
    alarm_screen                             0x08003111   Thumb Code   128  clock_handle.o(i.alarm_screen)
    btn_press_timeout_callback               0x080031b1   Thumb Code    18  button_callback.o(i.btn_press_timeout_callback)
    btn_press_timeout_repeat_callback        0x080031cd   Thumb Code    34  button_callback.o(i.btn_press_timeout_repeat_callback)
    btn_pressed_short_callback               0x080031f5   Thumb Code    56  button_callback.o(i.btn_pressed_short_callback)
    btn_pressing_callback                    0x08003235   Thumb Code    34  button_callback.o(i.btn_pressing_callback)
    btn_release_callback                     0x0800325d   Thumb Code     2  button.o(i.btn_release_callback)
    button_callback_handle                   0x08003261   Thumb Code    28  button_callback.o(i.button_callback_handle)
    button_callback_init                     0x08003281   Thumb Code    42  button_callback.o(i.button_callback_init)
    button_handle                            0x080032b5   Thumb Code   232  button.o(i.button_handle)
    button_init                              0x0800339d   Thumb Code    30  button.o(i.button_init)
    check_leap_year                          0x080033bb   Thumb Code    38  utils.o(i.check_leap_year)
    clock_handle                             0x080033e1   Thumb Code    66  clock_handle.o(i.clock_handle)
    clock_init                               0x08003429   Thumb Code    40  clock_handle.o(i.clock_init)
    get_max_date                             0x0800345d   Thumb Code    48  utils.o(i.get_max_date)
    lcd_clear_display                        0x0800348d   Thumb Code    18  liquidcrystal_i2c.o(i.lcd_clear_display)
    lcd_init                                 0x0800349f   Thumb Code   102  liquidcrystal_i2c.o(i.lcd_init)
    lcd_printf                               0x08003505   Thumb Code    54  liquidcrystal_i2c.o(i.lcd_printf)
    lcd_set_cursor                           0x080035c5   Thumb Code    26  liquidcrystal_i2c.o(i.lcd_set_cursor)
    lcd_set_cursor_blink_off                 0x080035e5   Thumb Code    16  liquidcrystal_i2c.o(i.lcd_set_cursor_blink_off)
    main                                     0x080035f5   Thumb Code   106  main.o(i.main)
    reset_time_start                         0x08003671   Thumb Code    12  clock_handle.o(i.reset_time_start)
    rtc_init                                 0x08003681   Thumb Code     6  ds3231.o(i.rtc_init)
    rtc_read_day_of_week                     0x0800368d   Thumb Code    82  ds3231.o(i.rtc_read_day_of_week)
    rtc_read_reg                             0x080036e1   Thumb Code    42  ds3231.o(i.rtc_read_reg)
    rtc_read_time                            0x08003711   Thumb Code   114  ds3231.o(i.rtc_read_time)
    rtc_write_reg                            0x08003789   Thumb Code    30  ds3231.o(i.rtc_write_reg)
    rtc_write_time                           0x080037ad   Thumb Code   100  ds3231.o(i.rtc_write_time)
    setting_blink                            0x08003815   Thumb Code   216  clock_handle.o(i.setting_blink)
    time_update                              0x08003921   Thumb Code   108  clock_handle.o(i.time_update)
    up_down_number                           0x080039bd   Thumb Code    34  utils.o(i.up_down_number)
    update_alarm_now                         0x080039e1   Thumb Code    56  clock_handle.o(i.update_alarm_now)
    update_time_now                          0x08003a39   Thumb Code    80  clock_handle.o(i.update_time_now)
    _get_lc_numeric                          0x08003ab9   Thumb Code    44  lc_numeric_c.o(locale$$code)
    _get_lc_ctype                            0x08003ae5   Thumb Code    44  lc_ctype_c.o(locale$$code)
    _fp_init                                 0x08003b11   Thumb Code    10  fpinit.o(x$fpl$fpinit)
    __fplib_config_fpu_vfp                   0x08003b19   Thumb Code     0  fpinit.o(x$fpl$fpinit)
    __fplib_config_pureend_doubles           0x08003b19   Thumb Code     0  fpinit.o(x$fpl$fpinit)
    _printf_fp_dec                           0x08003b1b   Thumb Code     4  printf1.o(x$fpl$printf1)
    _printf_fp_hex                           0x08003b1f   Thumb Code     4  printf2.o(x$fpl$printf2)
    AHBPrescTable                            0x08003b22   Data          16  system_stm32f4xx.o(.constdata)
    __I$use$fp                               0x08003b22   Number         0  usenofp.o(x$fpl$usenofp)
    APBPrescTable                            0x08003b32   Data           8  system_stm32f4xx.o(.constdata)
    arr_day                                  0x08003b3a   Data          28  clock_handle.o(.constdata)
    Region$$Table$$Base                      0x08003c54   Number         0  anon$$obj.o(Region$$Table)
    Region$$Table$$Limit                     0x08003c74   Number         0  anon$$obj.o(Region$$Table)
    __ctype                                  0x08003c9d   Data           0  lc_ctype_c.o(locale$$data)
    uwTickFreq                               0x20000000   Data           1  stm32f4xx_hal.o(.data)
    uwTickPrio                               0x20000004   Data           4  stm32f4xx_hal.o(.data)
    uwTick                                   0x20000008   Data           4  stm32f4xx_hal.o(.data)
    SystemCoreClock                          0x2000000c   Data           4  system_stm32f4xx.o(.data)
    clock_state                              0x20000014   Data           1  clock_handle.o(.data)
    hour_alarm                               0x20000017   Data           1  clock_handle.o(.data)
    min_alarm                                0x20000018   Data           1  clock_handle.o(.data)
    time_start_press                         0x2000001c   Data           4  clock_handle.o(.data)
    date_time                                0x2000002c   Data           7  clock_handle.o(.data)
    hi2c1                                    0x20000034   Data          84  main.o(.bss)
    hi2c2                                    0x20000088   Data          84  main.o(.bss)
    btn_up                                   0x200000dc   Data          20  button_callback.o(.bss)
    btn_ok                                   0x200000f0   Data          20  button_callback.o(.bss)
    btn_down                                 0x20000104   Data          20  button_callback.o(.bss)
    lcd                                      0x20000118   Data          12  clock_handle.o(.bss)
    __libspace_start                         0x20000124   Data          96  libspace.o(.bss)
    __temporary_stack_top$libspace           0x20000184   Data           0  libspace.o(.bss)



==============================================================================

Memory Map of the image

  Image Entry point : 0x08000199

  Load Region LR_IROM1 (Base: 0x08000000, Size: 0x00003dd4, Max: 0x00080000, ABSOLUTE)

    Execution Region ER_IROM1 (Exec base: 0x08000000, Load base: 0x08000000, Size: 0x00003da0, Max: 0x00080000, ABSOLUTE)

    Exec Addr    Load Addr    Size         Type   Attr      Idx    E Section Name        Object

    0x08000000   0x08000000   0x00000198   Data   RO            3    RESET               startup_stm32f411xe.o
    0x08000198   0x08000198   0x00000008   Code   RO         2526  * !!!main             c_w.l(__main.o)
    0x080001a0   0x080001a0   0x00000034   Code   RO         2826    !!!scatter          c_w.l(__scatter.o)
    0x080001d4   0x080001d4   0x0000001a   Code   RO         2828    !!handler_copy      c_w.l(__scatter_copy.o)
    0x080001ee   0x080001ee   0x00000002   PAD
    0x080001f0   0x080001f0   0x0000001c   Code   RO         2830    !!handler_zi        c_w.l(__scatter_zi.o)
    0x0800020c   0x0800020c   0x00000000   Code   RO         2521    .ARM.Collect$$_printf_percent$$00000000  c_w.l(_printf_percent.o)
    0x0800020c   0x0800020c   0x00000006   Code   RO         2578    .ARM.Collect$$_printf_percent$$00000001  c_w.l(_printf_n.o)
    0x08000212   0x08000212   0x00000006   Code   RO         2580    .ARM.Collect$$_printf_percent$$00000002  c_w.l(_printf_p.o)
    0x08000218   0x08000218   0x00000006   Code   RO         2584    .ARM.Collect$$_printf_percent$$00000003  c_w.l(_printf_f.o)
    0x0800021e   0x0800021e   0x00000006   Code   RO         2585    .ARM.Collect$$_printf_percent$$00000004  c_w.l(_printf_e.o)
    0x08000224   0x08000224   0x00000006   Code   RO         2586    .ARM.Collect$$_printf_percent$$00000005  c_w.l(_printf_g.o)
    0x0800022a   0x0800022a   0x00000006   Code   RO         2587    .ARM.Collect$$_printf_percent$$00000006  c_w.l(_printf_a.o)
    0x08000230   0x08000230   0x0000000a   Code   RO         2592    .ARM.Collect$$_printf_percent$$00000007  c_w.l(_printf_ll.o)
    0x0800023a   0x0800023a   0x00000006   Code   RO         2582    .ARM.Collect$$_printf_percent$$00000008  c_w.l(_printf_i.o)
    0x08000240   0x08000240   0x00000006   Code   RO         2520    .ARM.Collect$$_printf_percent$$00000009  c_w.l(_printf_d.o)
    0x08000246   0x08000246   0x00000006   Code   RO         2583    .ARM.Collect$$_printf_percent$$0000000A  c_w.l(_printf_u.o)
    0x0800024c   0x0800024c   0x00000006   Code   RO         2581    .ARM.Collect$$_printf_percent$$0000000B  c_w.l(_printf_o.o)
    0x08000252   0x08000252   0x00000006   Code   RO         2579    .ARM.Collect$$_printf_percent$$0000000C  c_w.l(_printf_x.o)
    0x08000258   0x08000258   0x00000006   Code   RO         2589    .ARM.Collect$$_printf_percent$$0000000D  c_w.l(_printf_lli.o)
    0x0800025e   0x0800025e   0x00000006   Code   RO         2590    .ARM.Collect$$_printf_percent$$0000000E  c_w.l(_printf_lld.o)
    0x08000264   0x08000264   0x00000006   Code   RO         2591    .ARM.Collect$$_printf_percent$$0000000F  c_w.l(_printf_llu.o)
    0x0800026a   0x0800026a   0x00000006   Code   RO         2596    .ARM.Collect$$_printf_percent$$00000010  c_w.l(_printf_llo.o)
    0x08000270   0x08000270   0x00000006   Code   RO         2597    .ARM.Collect$$_printf_percent$$00000011  c_w.l(_printf_llx.o)
    0x08000276   0x08000276   0x0000000a   Code   RO         2593    .ARM.Collect$$_printf_percent$$00000012  c_w.l(_printf_l.o)
    0x08000280   0x08000280   0x00000006   Code   RO         2577    .ARM.Collect$$_printf_percent$$00000013  c_w.l(_printf_c.o)
    0x08000286   0x08000286   0x00000006   Code   RO         2519    .ARM.Collect$$_printf_percent$$00000014  c_w.l(_printf_s.o)
    0x0800028c   0x0800028c   0x00000006   Code   RO         2594    .ARM.Collect$$_printf_percent$$00000015  c_w.l(_printf_lc.o)
    0x08000292   0x08000292   0x00000006   Code   RO         2595    .ARM.Collect$$_printf_percent$$00000016  c_w.l(_printf_ls.o)
    0x08000298   0x08000298   0x00000004   Code   RO         2588    .ARM.Collect$$_printf_percent$$00000017  c_w.l(_printf_percent_end.o)
    0x0800029c   0x0800029c   0x00000002   Code   RO         2686    .ARM.Collect$$libinit$$00000000  c_w.l(libinit.o)
    0x0800029e   0x0800029e   0x00000004   Code   RO         2708    .ARM.Collect$$libinit$$00000001  c_w.l(libinit2.o)
    0x080002a2   0x080002a2   0x00000000   Code   RO         2711    .ARM.Collect$$libinit$$00000004  c_w.l(libinit2.o)
    0x080002a2   0x080002a2   0x00000000   Code   RO         2714    .ARM.Collect$$libinit$$0000000A  c_w.l(libinit2.o)
    0x080002a2   0x080002a2   0x00000000   Code   RO         2716    .ARM.Collect$$libinit$$0000000C  c_w.l(libinit2.o)
    0x080002a2   0x080002a2   0x00000000   Code   RO         2718    .ARM.Collect$$libinit$$0000000E  c_w.l(libinit2.o)
    0x080002a2   0x080002a2   0x00000006   Code   RO         2719    .ARM.Collect$$libinit$$0000000F  c_w.l(libinit2.o)
    0x080002a8   0x080002a8   0x00000000   Code   RO         2721    .ARM.Collect$$libinit$$00000011  c_w.l(libinit2.o)
    0x080002a8   0x080002a8   0x0000000c   Code   RO         2722    .ARM.Collect$$libinit$$00000012  c_w.l(libinit2.o)
    0x080002b4   0x080002b4   0x00000000   Code   RO         2723    .ARM.Collect$$libinit$$00000013  c_w.l(libinit2.o)
    0x080002b4   0x080002b4   0x00000000   Code   RO         2725    .ARM.Collect$$libinit$$00000015  c_w.l(libinit2.o)
    0x080002b4   0x080002b4   0x0000000a   Code   RO         2726    .ARM.Collect$$libinit$$00000016  c_w.l(libinit2.o)
    0x080002be   0x080002be   0x00000000   Code   RO         2727    .ARM.Collect$$libinit$$00000017  c_w.l(libinit2.o)
    0x080002be   0x080002be   0x00000000   Code   RO         2729    .ARM.Collect$$libinit$$00000019  c_w.l(libinit2.o)
    0x080002be   0x080002be   0x00000000   Code   RO         2731    .ARM.Collect$$libinit$$0000001B  c_w.l(libinit2.o)
    0x080002be   0x080002be   0x00000000   Code   RO         2733    .ARM.Collect$$libinit$$0000001D  c_w.l(libinit2.o)
    0x080002be   0x080002be   0x00000000   Code   RO         2735    .ARM.Collect$$libinit$$0000001F  c_w.l(libinit2.o)
    0x080002be   0x080002be   0x00000000   Code   RO         2737    .ARM.Collect$$libinit$$00000021  c_w.l(libinit2.o)
    0x080002be   0x080002be   0x00000000   Code   RO         2739    .ARM.Collect$$libinit$$00000023  c_w.l(libinit2.o)
    0x080002be   0x080002be   0x00000000   Code   RO         2741    .ARM.Collect$$libinit$$00000025  c_w.l(libinit2.o)
    0x080002be   0x080002be   0x00000000   Code   RO         2745    .ARM.Collect$$libinit$$0000002C  c_w.l(libinit2.o)
    0x080002be   0x080002be   0x00000000   Code   RO         2747    .ARM.Collect$$libinit$$0000002E  c_w.l(libinit2.o)
    0x080002be   0x080002be   0x00000000   Code   RO         2749    .ARM.Collect$$libinit$$00000030  c_w.l(libinit2.o)
    0x080002be   0x080002be   0x00000000   Code   RO         2751    .ARM.Collect$$libinit$$00000032  c_w.l(libinit2.o)
    0x080002be   0x080002be   0x00000002   Code   RO         2752    .ARM.Collect$$libinit$$00000033  c_w.l(libinit2.o)
    0x080002c0   0x080002c0   0x00000002   Code   RO         2783    .ARM.Collect$$libshutdown$$00000000  c_w.l(libshutdown.o)
    0x080002c2   0x080002c2   0x00000000   Code   RO         2809    .ARM.Collect$$libshutdown$$00000002  c_w.l(libshutdown2.o)
    0x080002c2   0x080002c2   0x00000000   Code   RO         2811    .ARM.Collect$$libshutdown$$00000004  c_w.l(libshutdown2.o)
    0x080002c2   0x080002c2   0x00000000   Code   RO         2814    .ARM.Collect$$libshutdown$$00000007  c_w.l(libshutdown2.o)
    0x080002c2   0x080002c2   0x00000000   Code   RO         2817    .ARM.Collect$$libshutdown$$0000000A  c_w.l(libshutdown2.o)
    0x080002c2   0x080002c2   0x00000000   Code   RO         2819    .ARM.Collect$$libshutdown$$0000000C  c_w.l(libshutdown2.o)
    0x080002c2   0x080002c2   0x00000000   Code   RO         2822    .ARM.Collect$$libshutdown$$0000000F  c_w.l(libshutdown2.o)
    0x080002c2   0x080002c2   0x00000002   Code   RO         2823    .ARM.Collect$$libshutdown$$00000010  c_w.l(libshutdown2.o)
    0x080002c4   0x080002c4   0x00000000   Code   RO         2528    .ARM.Collect$$rtentry$$00000000  c_w.l(__rtentry.o)
    0x080002c4   0x080002c4   0x00000000   Code   RO         2607    .ARM.Collect$$rtentry$$00000002  c_w.l(__rtentry2.o)
    0x080002c4   0x080002c4   0x00000006   Code   RO         2619    .ARM.Collect$$rtentry$$00000004  c_w.l(__rtentry4.o)
    0x080002ca   0x080002ca   0x00000000   Code   RO         2609    .ARM.Collect$$rtentry$$00000009  c_w.l(__rtentry2.o)
    0x080002ca   0x080002ca   0x00000004   Code   RO         2610    .ARM.Collect$$rtentry$$0000000A  c_w.l(__rtentry2.o)
    0x080002ce   0x080002ce   0x00000000   Code   RO         2612    .ARM.Collect$$rtentry$$0000000C  c_w.l(__rtentry2.o)
    0x080002ce   0x080002ce   0x00000008   Code   RO         2613    .ARM.Collect$$rtentry$$0000000D  c_w.l(__rtentry2.o)
    0x080002d6   0x080002d6   0x00000002   Code   RO         2695    .ARM.Collect$$rtexit$$00000000  c_w.l(rtexit.o)
    0x080002d8   0x080002d8   0x00000000   Code   RO         2756    .ARM.Collect$$rtexit$$00000002  c_w.l(rtexit2.o)
    0x080002d8   0x080002d8   0x00000004   Code   RO         2757    .ARM.Collect$$rtexit$$00000003  c_w.l(rtexit2.o)
    0x080002dc   0x080002dc   0x00000006   Code   RO         2758    .ARM.Collect$$rtexit$$00000004  c_w.l(rtexit2.o)
    0x080002e2   0x080002e2   0x00000002   PAD
    0x080002e4   0x080002e4   0x00000040   Code   RO            4    .text               startup_stm32f411xe.o
    0x08000324   0x08000324   0x000000ee   Code   RO         2483    .text               c_w.l(lludivv7m.o)
    0x08000412   0x08000412   0x00000002   PAD
    0x08000414   0x08000414   0x00000024   Code   RO         2485    .text               c_w.l(vsprintf.o)
    0x08000438   0x08000438   0x0000002c   Code   RO         2487    .text               c_w.l(__2sprintf.o)
    0x08000464   0x08000464   0x0000004e   Code   RO         2493    .text               c_w.l(_printf_pad.o)
    0x080004b2   0x080004b2   0x00000052   Code   RO         2495    .text               c_w.l(_printf_str.o)
    0x08000504   0x08000504   0x00000078   Code   RO         2497    .text               c_w.l(_printf_dec.o)
    0x0800057c   0x0800057c   0x00000188   Code   RO         2516    .text               c_w.l(__printf_flags_ss_wp.o)
    0x08000704   0x08000704   0x0000004e   Code   RO         2522    .text               c_w.l(rt_memclr_w.o)
    0x08000752   0x08000752   0x00000006   Code   RO         2524    .text               c_w.l(heapauxi.o)
    0x08000758   0x08000758   0x00000024   Code   RO         2533    .text               c_w.l(_printf_truncate.o)
    0x0800077c   0x0800077c   0x000000b2   Code   RO         2535    .text               c_w.l(_printf_intcommon.o)
    0x0800082e   0x0800082e   0x00000028   Code   RO         2537    .text               c_w.l(_printf_charcount.o)
    0x08000856   0x08000856   0x00000002   PAD
    0x08000858   0x08000858   0x00000030   Code   RO         2539    .text               c_w.l(_printf_char_common.o)
    0x08000888   0x08000888   0x0000000a   Code   RO         2541    .text               c_w.l(_sputc.o)
    0x08000892   0x08000892   0x0000002c   Code   RO         2543    .text               c_w.l(_printf_char.o)
    0x080008be   0x080008be   0x00000002   PAD
    0x080008c0   0x080008c0   0x000000bc   Code   RO         2545    .text               c_w.l(_printf_wctomb.o)
    0x0800097c   0x0800097c   0x0000007c   Code   RO         2548    .text               c_w.l(_printf_longlong_dec.o)
    0x080009f8   0x080009f8   0x00000070   Code   RO         2554    .text               c_w.l(_printf_oct_int_ll.o)
    0x08000a68   0x08000a68   0x00000094   Code   RO         2574    .text               c_w.l(_printf_hex_int_ll_ptr.o)
    0x08000afc   0x08000afc   0x0000008a   Code   RO         2623    .text               c_w.l(lludiv10.o)
    0x08000b86   0x08000b86   0x0000041e   Code   RO         2625    .text               c_w.l(_printf_fp_dec.o)
    0x08000fa4   0x08000fa4   0x000002fc   Code   RO         2627    .text               c_w.l(_printf_fp_hex.o)
    0x080012a0   0x080012a0   0x0000002c   Code   RO         2632    .text               c_w.l(_printf_wchar.o)
    0x080012cc   0x080012cc   0x00000040   Code   RO         2634    .text               c_w.l(_wcrtomb.o)
    0x0800130c   0x0800130c   0x0000004a   Code   RO         2636    .text               c_w.l(sys_stackheap_outer.o)
    0x08001356   0x08001356   0x00000002   PAD
    0x08001358   0x08001358   0x00000010   Code   RO         2638    .text               c_w.l(rt_ctype_table.o)
    0x08001368   0x08001368   0x00000008   Code   RO         2643    .text               c_w.l(rt_locale_intlibspace.o)
    0x08001370   0x08001370   0x00000080   Code   RO         2645    .text               c_w.l(_printf_fp_infnan.o)
    0x080013f0   0x080013f0   0x000000e4   Code   RO         2647    .text               c_w.l(bigflt0.o)
    0x080014d4   0x080014d4   0x00000012   Code   RO         2675    .text               c_w.l(exit.o)
    0x080014e6   0x080014e6   0x00000002   PAD
    0x080014e8   0x080014e8   0x00000008   Code   RO         2692    .text               c_w.l(libspace.o)
    0x080014f0   0x080014f0   0x00000080   Code   RO         2706    .text               c_w.l(strcmpv7m.o)
    0x08001570   0x08001570   0x0000000c   Code   RO         2753    .text               c_w.l(sys_exit.o)
    0x0800157c   0x0800157c   0x00000002   Code   RO         2772    .text               c_w.l(use_no_semi.o)
    0x0800157e   0x0800157e   0x00000000   Code   RO         2774    .text               c_w.l(indicate_semi.o)
    0x0800157e   0x0800157e   0x0000003e   Code   RO         2650    CL$$btod_d2e        c_w.l(btod.o)
    0x080015bc   0x080015bc   0x00000046   Code   RO         2652    CL$$btod_d2e_denorm_low  c_w.l(btod.o)
    0x08001602   0x08001602   0x00000060   Code   RO         2651    CL$$btod_d2e_norm_op1  c_w.l(btod.o)
    0x08001662   0x08001662   0x00000338   Code   RO         2660    CL$$btod_div_common  c_w.l(btod.o)
    0x0800199a   0x0800199a   0x000000dc   Code   RO         2657    CL$$btod_e2e        c_w.l(btod.o)
    0x08001a76   0x08001a76   0x0000002a   Code   RO         2654    CL$$btod_ediv       c_w.l(btod.o)
    0x08001aa0   0x08001aa0   0x0000002a   Code   RO         2653    CL$$btod_emul       c_w.l(btod.o)
    0x08001aca   0x08001aca   0x00000244   Code   RO         2659    CL$$btod_mult_common  c_w.l(btod.o)
    0x08001d0e   0x08001d0e   0x00000012   Code   RO         2090    i.BCD2Decimal       ds3231.o
    0x08001d20   0x08001d20   0x00000002   Code   RO          173    i.BusFault_Handler  stm32f4xx_it.o
    0x08001d22   0x08001d22   0x00000002   Code   RO          174    i.DebugMon_Handler  stm32f4xx_it.o
    0x08001d24   0x08001d24   0x00000016   Code   RO         2091    i.Decimal2BCD       ds3231.o
    0x08001d3a   0x08001d3a   0x00000002   PAD
    0x08001d3c   0x08001d3c   0x00000024   Code   RO         1705    i.HAL_Delay         stm32f4xx_hal.o
    0x08001d60   0x08001d60   0x000001e0   Code   RO         1155    i.HAL_GPIO_Init     stm32f4xx_hal_gpio.o
    0x08001f40   0x08001f40   0x0000000a   Code   RO         1157    i.HAL_GPIO_ReadPin  stm32f4xx_hal_gpio.o
    0x08001f4a   0x08001f4a   0x00000002   PAD
    0x08001f4c   0x08001f4c   0x0000000c   Code   RO         1711    i.HAL_GetTick       stm32f4xx_hal.o
    0x08001f58   0x08001f58   0x00000188   Code   RO          295    i.HAL_I2C_Init      stm32f4xx_hal_i2c.o
    0x080020e0   0x080020e0   0x000001e0   Code   RO          301    i.HAL_I2C_Master_Receive  stm32f4xx_hal_i2c.o
    0x080022c0   0x080022c0   0x0000012c   Code   RO          308    i.HAL_I2C_Master_Transmit  stm32f4xx_hal_i2c.o
    0x080023ec   0x080023ec   0x000000c8   Code   RO          249    i.HAL_I2C_MspInit   stm32f4xx_hal_msp.o
    0x080024b4   0x080024b4   0x00000010   Code   RO         1717    i.HAL_IncTick       stm32f4xx_hal.o
    0x080024c4   0x080024c4   0x00000034   Code   RO         1718    i.HAL_Init          stm32f4xx_hal.o
    0x080024f8   0x080024f8   0x00000040   Code   RO         1719    i.HAL_InitTick      stm32f4xx_hal.o
    0x08002538   0x08002538   0x00000030   Code   RO          250    i.HAL_MspInit       stm32f4xx_hal_msp.o
    0x08002568   0x08002568   0x00000040   Code   RO         1574    i.HAL_NVIC_SetPriority  stm32f4xx_hal_cortex.o
    0x080025a8   0x080025a8   0x00000024   Code   RO         1575    i.HAL_NVIC_SetPriorityGrouping  stm32f4xx_hal_cortex.o
    0x080025cc   0x080025cc   0x00000134   Code   RO          747    i.HAL_RCC_ClockConfig  stm32f4xx_hal_rcc.o
    0x08002700   0x08002700   0x00000020   Code   RO          754    i.HAL_RCC_GetPCLK1Freq  stm32f4xx_hal_rcc.o
    0x08002720   0x08002720   0x00000064   Code   RO          756    i.HAL_RCC_GetSysClockFreq  stm32f4xx_hal_rcc.o
    0x08002784   0x08002784   0x0000036c   Code   RO          759    i.HAL_RCC_OscConfig  stm32f4xx_hal_rcc.o
    0x08002af0   0x08002af0   0x00000028   Code   RO         1579    i.HAL_SYSTICK_Config  stm32f4xx_hal_cortex.o
    0x08002b18   0x08002b18   0x00000002   Code   RO          175    i.HardFault_Handler  stm32f4xx_it.o
    0x08002b1a   0x08002b1a   0x0000002e   Code   RO          337    i.I2C_IsAcknowledgeFailed  stm32f4xx_hal_i2c.o
    0x08002b48   0x08002b48   0x000000ec   Code   RO          340    i.I2C_MasterRequestRead  stm32f4xx_hal_i2c.o
    0x08002c34   0x08002c34   0x0000009c   Code   RO          341    i.I2C_MasterRequestWrite  stm32f4xx_hal_i2c.o
    0x08002cd0   0x08002cd0   0x0000004c   Code   RO          352    i.I2C_WaitOnBTFFlagUntilTimeout  stm32f4xx_hal_i2c.o
    0x08002d1c   0x08002d1c   0x00000068   Code   RO          353    i.I2C_WaitOnFlagUntilTimeout  stm32f4xx_hal_i2c.o
    0x08002d84   0x08002d84   0x00000096   Code   RO          354    i.I2C_WaitOnMasterAddressFlagUntilTimeout  stm32f4xx_hal_i2c.o
    0x08002e1a   0x08002e1a   0x00000066   Code   RO          355    i.I2C_WaitOnRXNEFlagUntilTimeout  stm32f4xx_hal_i2c.o
    0x08002e80   0x08002e80   0x0000004c   Code   RO          356    i.I2C_WaitOnTXEFlagUntilTimeout  stm32f4xx_hal_i2c.o
    0x08002ecc   0x08002ecc   0x00000060   Code   RO           14    i.MX_GPIO_Init      main.o
    0x08002f2c   0x08002f2c   0x00000002   Code   RO          176    i.MemManage_Handler  stm32f4xx_it.o
    0x08002f2e   0x08002f2e   0x00000002   Code   RO          177    i.NMI_Handler       stm32f4xx_it.o
    0x08002f30   0x08002f30   0x00000002   Code   RO          178    i.PendSV_Handler    stm32f4xx_it.o
    0x08002f32   0x08002f32   0x00000002   Code   RO          179    i.SVC_Handler       stm32f4xx_it.o
    0x08002f34   0x08002f34   0x00000004   Code   RO          180    i.SysTick_Handler   stm32f4xx_it.o
    0x08002f38   0x08002f38   0x00000090   Code   RO           15    i.SystemClock_Config  main.o
    0x08002fc8   0x08002fc8   0x00000010   Code   RO         1993    i.SystemInit        system_stm32f4xx.o
    0x08002fd8   0x08002fd8   0x00000002   Code   RO          181    i.UsageFault_Handler  stm32f4xx_it.o
    0x08002fda   0x08002fda   0x00000030   Code   RO         2690    i.__ARM_fpclassify  m_wm.l(fpclassify.o)
    0x0800300a   0x0800300a   0x00000020   Code   RO         1581    i.__NVIC_SetPriority  stm32f4xx_hal_cortex.o
    0x0800302a   0x0800302a   0x0000000e   Code   RO         2509    i._is_digit         c_w.l(__printf_wp.o)
    0x08003038   0x08003038   0x000000d8   Code   RO         2360    i.adjust_time       clock_handle.o
    0x08003110   0x08003110   0x000000a0   Code   RO         2361    i.alarm_screen      clock_handle.o
    0x080031b0   0x080031b0   0x0000001c   Code   RO         2300    i.btn_press_timeout_callback  button_callback.o
    0x080031cc   0x080031cc   0x00000028   Code   RO         2301    i.btn_press_timeout_repeat_callback  button_callback.o
    0x080031f4   0x080031f4   0x00000040   Code   RO         2302    i.btn_pressed_short_callback  button_callback.o
    0x08003234   0x08003234   0x00000028   Code   RO         2303    i.btn_pressing_callback  button_callback.o
    0x0800325c   0x0800325c   0x00000002   Code   RO         2034    i.btn_release_callback  button.o
    0x0800325e   0x0800325e   0x00000002   PAD
    0x08003260   0x08003260   0x00000020   Code   RO         2304    i.button_callback_handle  button_callback.o
    0x08003280   0x08003280   0x00000034   Code   RO         2305    i.button_callback_init  button_callback.o
    0x080032b4   0x080032b4   0x000000e8   Code   RO         2035    i.button_handle     button.o
    0x0800339c   0x0800339c   0x0000001e   Code   RO         2036    i.button_init       button.o
    0x080033ba   0x080033ba   0x00000026   Code   RO         2448    i.check_leap_year   utils.o
    0x080033e0   0x080033e0   0x00000048   Code   RO         2363    i.clock_handle      clock_handle.o
    0x08003428   0x08003428   0x00000034   Code   RO         2364    i.clock_init        clock_handle.o
    0x0800345c   0x0800345c   0x00000030   Code   RO         2449    i.get_max_date      utils.o
    0x0800348c   0x0800348c   0x00000012   Code   RO         2171    i.lcd_clear_display  liquidcrystal_i2c.o
    0x0800349e   0x0800349e   0x00000066   Code   RO         2175    i.lcd_init          liquidcrystal_i2c.o
    0x08003504   0x08003504   0x00000036   Code   RO         2176    i.lcd_printf        liquidcrystal_i2c.o
    0x0800353a   0x0800353a   0x00000040   Code   RO         2178    i.lcd_send_cmd      liquidcrystal_i2c.o
    0x0800357a   0x0800357a   0x00000048   Code   RO         2179    i.lcd_send_data     liquidcrystal_i2c.o
    0x080035c2   0x080035c2   0x00000002   PAD
    0x080035c4   0x080035c4   0x00000020   Code   RO         2180    i.lcd_set_cursor    liquidcrystal_i2c.o
    0x080035e4   0x080035e4   0x00000010   Code   RO         2181    i.lcd_set_cursor_blink_off  liquidcrystal_i2c.o
    0x080035f4   0x080035f4   0x0000007c   Code   RO           16    i.main              main.o
    0x08003670   0x08003670   0x00000010   Code   RO         2365    i.reset_time_start  clock_handle.o
    0x08003680   0x08003680   0x0000000c   Code   RO         2092    i.rtc_init          ds3231.o
    0x0800368c   0x0800368c   0x00000052   Code   RO         2094    i.rtc_read_day_of_week  ds3231.o
    0x080036de   0x080036de   0x00000002   PAD
    0x080036e0   0x080036e0   0x00000030   Code   RO         2095    i.rtc_read_reg      ds3231.o
    0x08003710   0x08003710   0x00000078   Code   RO         2097    i.rtc_read_time     ds3231.o
    0x08003788   0x08003788   0x00000024   Code   RO         2098    i.rtc_write_reg     ds3231.o
    0x080037ac   0x080037ac   0x00000068   Code   RO         2099    i.rtc_write_time    ds3231.o
    0x08003814   0x08003814   0x0000010c   Code   RO         2366    i.setting_blink     clock_handle.o
    0x08003920   0x08003920   0x0000009c   Code   RO         2367    i.time_update       clock_handle.o
    0x080039bc   0x080039bc   0x00000022   Code   RO         2450    i.up_down_number    utils.o
    0x080039de   0x080039de   0x00000002   PAD
    0x080039e0   0x080039e0   0x00000058   Code   RO         2368    i.update_alarm_now  clock_handle.o
    0x08003a38   0x08003a38   0x00000080   Code   RO         2369    i.update_time_now   clock_handle.o
    0x08003ab8   0x08003ab8   0x0000002c   Code   RO         2673    locale$$code        c_w.l(lc_numeric_c.o)
    0x08003ae4   0x08003ae4   0x0000002c   Code   RO         2700    locale$$code        c_w.l(lc_ctype_c.o)
    0x08003b10   0x08003b10   0x0000000a   Code   RO         2768    x$fpl$fpinit        fz_wm.l(fpinit.o)
    0x08003b1a   0x08003b1a   0x00000004   Code   RO         2598    x$fpl$printf1       fz_wm.l(printf1.o)
    0x08003b1e   0x08003b1e   0x00000004   Code   RO         2600    x$fpl$printf2       fz_wm.l(printf2.o)
    0x08003b22   0x08003b22   0x00000000   Code   RO         2689    x$fpl$usenofp       fz_wm.l(usenofp.o)
    0x08003b22   0x08003b22   0x00000010   Data   RO         1994    .constdata          system_stm32f4xx.o
    0x08003b32   0x08003b32   0x00000008   Data   RO         1995    .constdata          system_stm32f4xx.o
    0x08003b3a   0x08003b3a   0x0000001c   Data   RO         2371    .constdata          clock_handle.o
    0x08003b56   0x08003b56   0x00000011   Data   RO         2517    .constdata          c_w.l(__printf_flags_ss_wp.o)
    0x08003b67   0x08003b67   0x00000001   PAD
    0x08003b68   0x08003b68   0x00000008   Data   RO         2546    .constdata          c_w.l(_printf_wctomb.o)
    0x08003b70   0x08003b70   0x00000028   Data   RO         2575    .constdata          c_w.l(_printf_hex_int_ll_ptr.o)
    0x08003b98   0x08003b98   0x00000026   Data   RO         2628    .constdata          c_w.l(_printf_fp_hex.o)
    0x08003bbe   0x08003bbe   0x00000002   PAD
    0x08003bc0   0x08003bc0   0x00000094   Data   RO         2648    .constdata          c_w.l(bigflt0.o)
    0x08003c54   0x08003c54   0x00000020   Data   RO         2824    Region$$Table       anon$$obj.o
    0x08003c74   0x08003c74   0x0000001c   Data   RO         2672    locale$$data        c_w.l(lc_numeric_c.o)
    0x08003c90   0x08003c90   0x00000110   Data   RO         2699    locale$$data        c_w.l(lc_ctype_c.o)


    Execution Region RW_IRAM1 (Exec base: 0x20000000, Load base: 0x08003da0, Size: 0x00000788, Max: 0x00020000, ABSOLUTE)

    Exec Addr    Load Addr    Size         Type   Attr      Idx    E Section Name        Object

    0x20000000   0x08003da0   0x0000000c   Data   RW         1725    .data               stm32f4xx_hal.o
    0x2000000c   0x08003dac   0x00000004   Data   RW         1996    .data               system_stm32f4xx.o
    0x20000010   0x08003db0   0x00000004   Data   RW         2100    .data               ds3231.o
    0x20000014   0x08003db4   0x0000001f   Data   RW         2372    .data               clock_handle.o
    0x20000033   0x08003dd3   0x00000001   PAD
    0x20000034        -       0x000000a8   Zero   RW           17    .bss                main.o
    0x200000dc        -       0x0000003c   Zero   RW         2306    .bss                button_callback.o
    0x20000118        -       0x0000000c   Zero   RW         2370    .bss                clock_handle.o
    0x20000124        -       0x00000060   Zero   RW         2693    .bss                c_w.l(libspace.o)
    0x20000184   0x08003dd3   0x00000004   PAD
    0x20000188        -       0x00000200   Zero   RW            2    HEAP                startup_stm32f411xe.o
    0x20000388        -       0x00000400   Zero   RW            1    STACK               startup_stm32f411xe.o


==============================================================================

Image component sizes


      Code (inc. data)   RO Data    RW Data    ZI Data      Debug   Object Name

       264          0          0          0          0       2041   button.o
       256         54          0          0         60       4062   button_callback.o
      1156        266         28         31         12       6365   clock_handle.o
       442         28          0          4          0       4968   ds3231.o
       358          6          0          0          0       5472   liquidcrystal_i2c.o
       364         36          0          0        168     390634   main.o
        64         26        408          0       1536        852   startup_stm32f411xe.o
       180         28          0         12          0       9325   stm32f4xx_hal.o
       172         14          0          0          0      33286   stm32f4xx_hal_cortex.o
       490         34          0          0          0       2195   stm32f4xx_hal_gpio.o
      2118         50          0          0          0      12658   stm32f4xx_hal_i2c.o
       248         24          0          0          0       1740   stm32f4xx_hal_msp.o
      1316         64          0          0          0       4677   stm32f4xx_hal_rcc.o
        20          0          0          0          0       4226   stm32f4xx_it.o
        16          4         24          4          0       1151   system_stm32f4xx.o
       120         14          0          0          0       2186   utils.o

    ----------------------------------------------------------------------
      7596        648        492         52       1776     485838   Object Totals
         0          0         32          0          0          0   (incl. Generated)
        12          0          0          1          0          0   (incl. Padding)

    ----------------------------------------------------------------------

      Code (inc. data)   RO Data    RW Data    ZI Data      Debug   Library Member Name

        44          6          0          0          0         84   __2sprintf.o
         8          0          0          0          0         68   __main.o
       392          4         17          0          0         92   __printf_flags_ss_wp.o
        14          0          0          0          0         68   __printf_wp.o
         0          0          0          0          0          0   __rtentry.o
        12          0          0          0          0          0   __rtentry2.o
         6          0          0          0          0          0   __rtentry4.o
        52          8          0          0          0          0   __scatter.o
        26          0          0          0          0          0   __scatter_copy.o
        28          0          0          0          0          0   __scatter_zi.o
         6          0          0          0          0          0   _printf_a.o
         6          0          0          0          0          0   _printf_c.o
        44          0          0          0          0        108   _printf_char.o
        48          6          0          0          0         96   _printf_char_common.o
        40          0          0          0          0         68   _printf_charcount.o
         6          0          0          0          0          0   _printf_d.o
       120         16          0          0          0         92   _printf_dec.o
         6          0          0          0          0          0   _printf_e.o
         6          0          0          0          0          0   _printf_f.o
      1054          0          0          0          0        216   _printf_fp_dec.o
       764          8         38          0          0        100   _printf_fp_hex.o
       128         16          0          0          0         84   _printf_fp_infnan.o
         6          0          0          0          0          0   _printf_g.o
       148          4         40          0          0        160   _printf_hex_int_ll_ptr.o
         6          0          0          0          0          0   _printf_i.o
       178          0          0          0          0         88   _printf_intcommon.o
        10          0          0          0          0          0   _printf_l.o
         6          0          0          0          0          0   _printf_lc.o
        10          0          0          0          0          0   _printf_ll.o
         6          0          0          0          0          0   _printf_lld.o
         6          0          0          0          0          0   _printf_lli.o
         6          0          0          0          0          0   _printf_llo.o
         6          0          0          0          0          0   _printf_llu.o
         6          0          0          0          0          0   _printf_llx.o
       124         16          0          0          0         92   _printf_longlong_dec.o
         6          0          0          0          0          0   _printf_ls.o
         6          0          0          0          0          0   _printf_n.o
         6          0          0          0          0          0   _printf_o.o
       112         10          0          0          0        124   _printf_oct_int_ll.o
         6          0          0          0          0          0   _printf_p.o
        78          0          0          0          0        108   _printf_pad.o
         0          0          0          0          0          0   _printf_percent.o
         4          0          0          0          0          0   _printf_percent_end.o
         6          0          0          0          0          0   _printf_s.o
        82          0          0          0          0         80   _printf_str.o
        36          0          0          0          0         84   _printf_truncate.o
         6          0          0          0          0          0   _printf_u.o
        44          0          0          0          0        108   _printf_wchar.o
       188          6          8          0          0         92   _printf_wctomb.o
         6          0          0          0          0          0   _printf_x.o
        10          0          0          0          0         68   _sputc.o
        64          0          0          0          0         92   _wcrtomb.o
       228          4        148          0          0         96   bigflt0.o
      1936        128          0          0          0        672   btod.o
        18          0          0          0          0         80   exit.o
         6          0          0          0          0        152   heapauxi.o
         0          0          0          0          0          0   indicate_semi.o
        44         10        272          0          0         76   lc_ctype_c.o
        44         10         28          0          0         76   lc_numeric_c.o
         2          0          0          0          0          0   libinit.o
        34          0          0          0          0          0   libinit2.o
         2          0          0          0          0          0   libshutdown.o
         2          0          0          0          0          0   libshutdown2.o
         8          4          0          0         96         68   libspace.o
       138          0          0          0          0         80   lludiv10.o
       238          0          0          0          0        100   lludivv7m.o
        16          4          0          0          0         76   rt_ctype_table.o
         8          4          0          0          0         68   rt_locale_intlibspace.o
        78          0          0          0          0         80   rt_memclr_w.o
         2          0          0          0          0          0   rtexit.o
        10          0          0          0          0          0   rtexit2.o
       128          0          0          0          0         68   strcmpv7m.o
        12          4          0          0          0         68   sys_exit.o
        74          0          0          0          0         80   sys_stackheap_outer.o
         2          0          0          0          0         68   use_no_semi.o
        36          4          0          0          0         76   vsprintf.o
        10          0          0          0          0        116   fpinit.o
         4          0          0          0          0        116   printf1.o
         4          0          0          0          0        116   printf2.o
         0          0          0          0          0          0   usenofp.o
        48          0          0          0          0        124   fpclassify.o

    ----------------------------------------------------------------------
      7134        272        554          0        100       4628   Library Totals
        14          0          3          0          4          0   (incl. Padding)

    ----------------------------------------------------------------------

      Code (inc. data)   RO Data    RW Data    ZI Data      Debug   Library Name

      7054        272        551          0         96       4156   c_w.l
        18          0          0          0          0        348   fz_wm.l
        48          0          0          0          0        124   m_wm.l

    ----------------------------------------------------------------------
      7134        272        554          0        100       4628   Library Totals

    ----------------------------------------------------------------------

==============================================================================


      Code (inc. data)   RO Data    RW Data    ZI Data      Debug   

     14730        920       1046         52       1876     481030   Grand Totals
     14730        920       1046         52       1876     481030   ELF Image Totals
     14730        920       1046         52          0          0   ROM Totals

==============================================================================

    Total RO  Size (Code + RO Data)                15776 (  15.41kB)
    Total RW  Size (RW Data + ZI Data)              1928 (   1.88kB)
    Total ROM Size (Code + RO Data + RW Data)      15828 (  15.46kB)

==============================================================================

